Archive member included to satisfy reference by file (symbol)

c:/program files (x86)/gnu arm embedded toolchain/10 2021.10/bin/../lib/gcc/arm-none-eabi/10.3.1/../../../../arm-none-eabi/lib/thumb/v7-m/nofp\libc_nano.a(lib_a-exit.o)
                              c:/program files (x86)/gnu arm embedded toolchain/10 2021.10/bin/../lib/gcc/arm-none-eabi/10.3.1/../../../../arm-none-eabi/lib/thumb/v7-m/nofp/crt0.o (exit)
c:/program files (x86)/gnu arm embedded toolchain/10 2021.10/bin/../lib/gcc/arm-none-eabi/10.3.1/../../../../arm-none-eabi/lib/thumb/v7-m/nofp\libc_nano.a(lib_a-impure.o)
                              c:/program files (x86)/gnu arm embedded toolchain/10 2021.10/bin/../lib/gcc/arm-none-eabi/10.3.1/../../../../arm-none-eabi/lib/thumb/v7-m/nofp\libc_nano.a(lib_a-exit.o) (_global_impure_ptr)
c:/program files (x86)/gnu arm embedded toolchain/10 2021.10/bin/../lib/gcc/arm-none-eabi/10.3.1/../../../../arm-none-eabi/lib/thumb/v7-m/nofp\libc_nano.a(lib_a-init.o)
                              c:/program files (x86)/gnu arm embedded toolchain/10 2021.10/bin/../lib/gcc/arm-none-eabi/10.3.1/../../../../arm-none-eabi/lib/thumb/v7-m/nofp/crt0.o (__libc_init_array)
c:/program files (x86)/gnu arm embedded toolchain/10 2021.10/bin/../lib/gcc/arm-none-eabi/10.3.1/../../../../arm-none-eabi/lib/thumb/v7-m/nofp\libc_nano.a(lib_a-memcpy-stub.o)
                              build/main.o (memcpy)
c:/program files (x86)/gnu arm embedded toolchain/10 2021.10/bin/../lib/gcc/arm-none-eabi/10.3.1/../../../../arm-none-eabi/lib/thumb/v7-m/nofp\libc_nano.a(lib_a-memmove.o)
                              build/ssd1306_tests.o (memmove)
c:/program files (x86)/gnu arm embedded toolchain/10 2021.10/bin/../lib/gcc/arm-none-eabi/10.3.1/../../../../arm-none-eabi/lib/thumb/v7-m/nofp\libc_nano.a(lib_a-memset.o)
                              c:/program files (x86)/gnu arm embedded toolchain/10 2021.10/bin/../lib/gcc/arm-none-eabi/10.3.1/../../../../arm-none-eabi/lib/thumb/v7-m/nofp/crt0.o (memset)
c:/program files (x86)/gnu arm embedded toolchain/10 2021.10/bin/../lib/gcc/arm-none-eabi/10.3.1/../../../../arm-none-eabi/lib/thumb/v7-m/nofp\libc_nano.a(lib_a-nano-vfprintf_float.o)
                              (_printf_float)
c:/program files (x86)/gnu arm embedded toolchain/10 2021.10/bin/../lib/gcc/arm-none-eabi/10.3.1/../../../../arm-none-eabi/lib/thumb/v7-m/nofp\libc_nano.a(lib_a-nano-vfprintf_i.o)
                              c:/program files (x86)/gnu arm embedded toolchain/10 2021.10/bin/../lib/gcc/arm-none-eabi/10.3.1/../../../../arm-none-eabi/lib/thumb/v7-m/nofp\libc_nano.a(lib_a-nano-vfprintf_float.o) (_printf_common)
c:/program files (x86)/gnu arm embedded toolchain/10 2021.10/bin/../lib/gcc/arm-none-eabi/10.3.1/../../../../arm-none-eabi/lib/thumb/v7-m/nofp\libc_nano.a(lib_a-printf.o)
                              build/main.o (printf)
c:/program files (x86)/gnu arm embedded toolchain/10 2021.10/bin/../lib/gcc/arm-none-eabi/10.3.1/../../../../arm-none-eabi/lib/thumb/v7-m/nofp\libc_nano.a(lib_a-snprintf.o)
                              build/ssd1306_tests.o (snprintf)
c:/program files (x86)/gnu arm embedded toolchain/10 2021.10/bin/../lib/gcc/arm-none-eabi/10.3.1/../../../../arm-none-eabi/lib/thumb/v7-m/nofp\libc_nano.a(lib_a-sprintf.o)
                              build/MY_NRF24.o (sprintf)
c:/program files (x86)/gnu arm embedded toolchain/10 2021.10/bin/../lib/gcc/arm-none-eabi/10.3.1/../../../../arm-none-eabi/lib/thumb/v7-m/nofp\libc_nano.a(lib_a-strlen.o)
                              build/MY_NRF24.o (strlen)
c:/program files (x86)/gnu arm embedded toolchain/10 2021.10/bin/../lib/gcc/arm-none-eabi/10.3.1/../../../../arm-none-eabi/lib/thumb/v7-m/nofp\libc_nano.a(lib_a-dtoa.o)
                              c:/program files (x86)/gnu arm embedded toolchain/10 2021.10/bin/../lib/gcc/arm-none-eabi/10.3.1/../../../../arm-none-eabi/lib/thumb/v7-m/nofp\libc_nano.a(lib_a-nano-vfprintf_float.o) (_dtoa_r)
c:/program files (x86)/gnu arm embedded toolchain/10 2021.10/bin/../lib/gcc/arm-none-eabi/10.3.1/../../../../arm-none-eabi/lib/thumb/v7-m/nofp\libc_nano.a(lib_a-findfp.o)
                              c:/program files (x86)/gnu arm embedded toolchain/10 2021.10/bin/../lib/gcc/arm-none-eabi/10.3.1/../../../../arm-none-eabi/lib/thumb/v7-m/nofp\libc_nano.a(lib_a-printf.o) (__sinit)
c:/program files (x86)/gnu arm embedded toolchain/10 2021.10/bin/../lib/gcc/arm-none-eabi/10.3.1/../../../../arm-none-eabi/lib/thumb/v7-m/nofp\libc_nano.a(lib_a-fwalk.o)
                              c:/program files (x86)/gnu arm embedded toolchain/10 2021.10/bin/../lib/gcc/arm-none-eabi/10.3.1/../../../../arm-none-eabi/lib/thumb/v7-m/nofp\libc_nano.a(lib_a-findfp.o) (_fwalk)
c:/program files (x86)/gnu arm embedded toolchain/10 2021.10/bin/../lib/gcc/arm-none-eabi/10.3.1/../../../../arm-none-eabi/lib/thumb/v7-m/nofp\libc_nano.a(lib_a-localeconv.o)
[...]
Memory Configuration

Name             Origin             Length             Attributes
RAM              0x20000000         0x00014000         xrw
RAM2             0x2001c000         0x00004000         xrw
FLASH            0x08000000         0x00040000         xr
*default*        0x00000000         0xffffffff

Linker script and memory map

LOAD c:/program files (x86)/gnu arm embedded toolchain/10 2021.10/bin/../lib/gcc/arm-none-eabi/10.3.1/thumb/v7-m/nofp/crti.o
LOAD c:/program files (x86)/gnu arm embedded toolchain/10 2021.10/bin/../lib/gcc/arm-none-eabi/10.3.1/thumb/v7-m/nofp/crtbegin.o
LOAD c:/program files (x86)/gnu arm embedded toolchain/10 2021.10/bin/../lib/gcc/arm-none-eabi/10.3.1/../../../../arm-none-eabi/lib/thumb/v7-m/nofp/crt0.o
LOAD build/main.o
LOAD build/stm32f2xx_it.o
LOAD build/stm32f2xx_hal_msp.o
LOAD build/stm32f2xx_hal_i2c.o
LOAD build/stm32f2xx_hal.o
LOAD build/stm32f2xx_hal_rcc.o
LOAD build/stm32f2xx_hal_rcc_ex.o
LOAD build/stm32f2xx_hal_cortex.o
LOAD build/stm32f2xx_hal_flash.o
LOAD build/stm32f2xx_hal_flash_ex.o
LOAD build/stm32f2xx_hal_pwr.o
LOAD build/stm32f2xx_hal_pwr_ex.o
LOAD build/stm32f2xx_hal_gpio.o
LOAD build/stm32f2xx_hal_dma.o
LOAD build/stm32f2xx_hal_dma_ex.o
LOAD build/stm32f2xx_hal_exti.o
LOAD build/stm32f2xx_hal_spi.o
LOAD build/stm32f2xx_hal_tim.o
LOAD build/stm32f2xx_hal_tim_ex.o
LOAD build/stm32f2xx_hal_uart.o
LOAD build/system_stm32f2xx.o
LOAD build/ssd1306_fonts.o
LOAD build/ssd1306_tests.o
LOAD build/ssd1306.o
LOAD build/MY_NRF24.o
LOAD build/startup_stm32f205xx.o
LOAD c:/program files (x86)/gnu arm embedded toolchain/10 2021.10/bin/../lib/gcc/arm-none-eabi/10.3.1/../../../../arm-none-eabi/lib/thumb/v7-m/nofp\libc_nano.a
LOAD c:/program files (x86)/gnu arm embedded toolchain/10 2021.10/bin/../lib/gcc/arm-none-eabi/10.3.1/../../../../arm-none-eabi/lib/thumb/v7-m/nofp\libm.a
LOAD c:/program files (x86)/gnu arm embedded toolchain/10 2021.10/bin/../lib/gcc/arm-none-eabi/10.3.1/../../../../arm-none-eabi/lib/thumb/v7-m/nofp\libnosys.a
START GROUP
LOAD c:/program files (x86)/gnu arm embedded toolchain/10 2021.10/bin/../lib/gcc/arm-none-eabi/10.3.1/thumb/v7-m/nofp\libgcc.a
LOAD c:/program files (x86)/gnu arm embedded toolchain/10 2021.10/bin/../lib/gcc/arm-none-eabi/10.3.1/../../../../arm-none-eabi/lib/thumb/v7-m/nofp\libc_nano.a
END GROUP
START GROUP
LOAD c:/program files (x86)/gnu arm embedded toolchain/10 2021.10/bin/../lib/gcc/arm-none-eabi/10.3.1/thumb/v7-m/nofp\libgcc.a
LOAD c:/program files (x86)/gnu arm embedded toolchain/10 2021.10/bin/../lib/gcc/arm-none-eabi/10.3.1/../../../../arm-none-eabi/lib/thumb/v7-m/nofp\libc_nano.a
END GROUP
LOAD c:/program files (x86)/gnu arm embedded toolchain/10 2021.10/bin/../lib/gcc/arm-none-eabi/10.3.1/thumb/v7-m/nofp/crtend.o
LOAD c:/program files (x86)/gnu arm embedded toolchain/10 2021.10/bin/../lib/gcc/arm-none-eabi/10.3.1/thumb/v7-m/nofp/crtn.o
                0x20014000                _estack = 0x20014000
                0x00000200                _Min_Heap_Size = 0x200
                0x00000400                _Min_Stack_Size = 0x400

.isr_vector     0x08000000      0x184
                0x08000000                . = ALIGN (0x4)
 *(.isr_vector)
 .isr_vector    0x08000000      0x184 build/startup_stm32f205xx.o
                0x08000000                g_pfnVectors
                0x08000184                . = ALIGN (0x4)

.text           0x08000188     0x6404
                0x08000188                . = ALIGN (0x4)
 *(.text)
 .text          0x08000188       0x40 c:/program files (x86)/gnu arm embedded toolchain/10 2021.10/bin/../lib/gcc/arm-none-eabi/10.3.1/thumb/v7-m/nofp/crtbegin.o
 .text          0x080001c8       0x10 c:/program files (x86)/gnu arm embedded toolchain/10 2021.10/bin/../lib/gcc/arm-none-eabi/10.3.1/../../../../arm-none-eabi/lib/thumb/v7-m/nofp\libc_nano.a(lib_a-strlen.o)
                0x080001c8                strlen
 .text          0x080001d8      0x378 c:/program files (x86)/gnu arm embedded toolchain/10 2021.10/bin/../lib/gcc/arm-none-eabi/10.3.1/thumb/v7-m/nofp\libgcc.a(_arm_addsubdf3.o)
                0x080001d8                __aeabi_drsub
                0x080001e0                __aeabi_dsub
                0x080001e0                __subdf3
                0x080001e4                __aeabi_dadd
                0x080001e4                __adddf3
                0x0800045c                __floatunsidf
                0x0800045c                __aeabi_ui2d
                0x0800047c                __floatsidf
                0x0800047c                __aeabi_i2d
                0x080004a0                __aeabi_f2d
                0x080004a0                __extendsfdf2
                0x080004e4                __floatundidf
                0x080004e4                __aeabi_ul2d
                0x080004f4                __floatdidf
                0x080004f4                __aeabi_l2d
 .text          0x08000550      0x424 c:/program files (x86)/gnu arm embedded toolchain/10 2021.10/bin/../lib/gcc/arm-none-eabi/10.3.1/thumb/v7-m/nofp\libgcc.a(_arm_muldivdf3.o)
                0x08000550                __aeabi_dmul
                0x08000550                __muldf3
                0x080007a4                __divdf3
                0x080007a4                __aeabi_ddiv
 .text          0x08000974      0x110 c:/program files (x86)/gnu arm embedded toolchain/10 2021.10/bin/../lib/gcc/arm-none-eabi/10.3.1/thumb/v7-m/nofp\libgcc.a(_arm_cmpdf2.o)
                0x08000974                __gtdf2
                0x08000974                __gedf2
                0x0800097c                __ltdf2
                0x0800097c                __ledf2
                0x08000984                __nedf2
                0x08000984                __eqdf2
                0x08000984                __cmpdf2
                0x08000a00                __aeabi_cdrcmple
                0x08000a10                __aeabi_cdcmpeq
                0x08000a10                __aeabi_cdcmple
                0x08000a20                __aeabi_dcmpeq
                0x08000a34                __aeabi_dcmplt
                0x08000a48                __aeabi_dcmple
                0x08000a5c                __aeabi_dcmpge
                0x08000a70                __aeabi_dcmpgt
 .text          0x08000a84       0x2c c:/program files (x86)/gnu arm embedded toolchain/10 2021.10/bin/../lib/gcc/arm-none-eabi/10.3.1/thumb/v7-m/nofp\libgcc.a(_arm_unorddf2.o)
                0x08000a84                __unorddf2
                0x08000a84                __aeabi_dcmpun
 .text          0x08000ab0       0x50 c:/program files (x86)/gnu arm embedded toolchain/10 2021.10/bin/../lib/gcc/arm-none-eabi/10.3.1/thumb/v7-m/nofp\libgcc.a(_arm_fixdfsi.o)
                0x08000ab0                __aeabi_d2iz
                0x08000ab0                __fixdfsi
 .text          0x08000b00       0x30 c:/program files (x86)/gnu arm embedded toolchain/10 2021.10/bin/../lib/gcc/arm-none-eabi/10.3.1/thumb/v7-m/nofp\libgcc.a(_aeabi_uldivmod.o)
                0x08000b00                __aeabi_uldivmod
 .text          0x08000b30      0x2d4 c:/program files (x86)/gnu arm embedded toolchain/10 2021.10/bin/../lib/gcc/arm-none-eabi/10.3.1/thumb/v7-m/nofp\libgcc.a(_udivmoddi4.o)
                0x08000b30                __udivmoddi4
 .text          0x08000e04        0x4 c:/program files (x86)/gnu arm embedded toolchain/10 2021.10/bin/../lib/gcc/arm-none-eabi/10.3.1/thumb/v7-m/nofp\libgcc.a(_dvmd_tls.o)
                0x08000e04                __aeabi_idiv0
                0x08000e04                __aeabi_ldiv0
 *(.text*)
 .text.MX_GPIO_Init
                0x08000e08       0xa4 build/main.o
 .text._write   0x08000eac       0x18 build/main.o
                0x08000eac                _write
 .text.Error_Handler
                0x08000ec4        0x4 build/main.o
                0x08000ec4                Error_Handler
 .text.MX_I2C1_Init
                0x08000ec8       0x38 build/main.o
 .text.MX_SPI1_Init
                0x08000f00       0x40 build/main.o
 .text.MX_USART1_UART_Init
                0x08000f40       0x34 build/main.o
 .text.MX_USART3_UART_Init
                0x08000f74       0x34 build/main.o
 .text.MX_USART2_UART_Init
                0x08000fa8       0x34 build/main.o
 .text.SystemClock_Config
                0x08000fdc       0x70 build/main.o
                0x08000fdc                SystemClock_Config
 .text.main     0x0800104c       0xfc build/main.o
                0x0800104c                main
 .text.NMI_Handler
                0x08001148        0x2 build/stm32f2xx_it.o
                0x08001148                NMI_Handler
 .text.HardFault_Handler
                0x0800114a        0x2 build/stm32f2xx_it.o
                0x0800114a                HardFault_Handler
 .text.MemManage_Handler
                0x0800114c        0x2 build/stm32f2xx_it.o
                0x0800114c                MemManage_Handler
 .text.BusFault_Handler
                0x0800114e        0x2 build/stm32f2xx_it.o
                0x0800114e                BusFault_Handler
 .text.UsageFault_Handler
                0x08001150        0x2 build/stm32f2xx_it.o
                0x08001150                UsageFault_Handler
 .text.SVC_Handler
                0x08001152        0x2 build/stm32f2xx_it.o
                0x08001152                SVC_Handler
 .text.DebugMon_Handler
                0x08001154        0x2 build/stm32f2xx_it.o
                0x08001154                DebugMon_Handler
 .text.PendSV_Handler
                0x08001156        0x2 build/stm32f2xx_it.o
                0x08001156                PendSV_Handler
 .text.SysTick_Handler
                0x08001158        0x8 build/stm32f2xx_it.o
                0x08001158                SysTick_Handler
 .text.HAL_MspInit
                0x08001160       0x38 build/stm32f2xx_hal_msp.o
                0x08001160                HAL_MspInit
 .text.HAL_I2C_MspInit
                0x08001198       0x70 build/stm32f2xx_hal_msp.o
                0x08001198                HAL_I2C_MspInit
 .text.HAL_SPI_MspInit
                0x08001208       0x70 build/stm32f2xx_hal_msp.o
                0x08001208                HAL_SPI_MspInit
 .text.HAL_UART_MspInit
                0x08001278      0x118 build/stm32f2xx_hal_msp.o
                0x08001278                HAL_UART_MspInit
 .text.HAL_I2C_Init
                0x08001390      0x1bc build/stm32f2xx_hal_i2c.o
                0x08001390                HAL_I2C_Init
 .text.HAL_InitTick
                0x0800154c       0x4c build/stm32f2xx_hal.o
                0x0800154c                HAL_InitTick
 .text.HAL_Init
                0x08001598       0x34 build/stm32f2xx_hal.o
                0x08001598                HAL_Init
 .text.HAL_IncTick
                0x080015cc       0x18 build/stm32f2xx_hal.o
                0x080015cc                HAL_IncTick
 .text.HAL_GetTick
                0x080015e4        0xc build/stm32f2xx_hal.o
                0x080015e4                HAL_GetTick
 .text.HAL_Delay
                0x080015f0       0x2c build/stm32f2xx_hal.o
                0x080015f0                HAL_Delay
 .text.HAL_RCC_OscConfig
                0x0800161c      0x3b0 build/stm32f2xx_hal_rcc.o
                0x0800161c                HAL_RCC_OscConfig
 .text.HAL_RCC_GetSysClockFreq
                0x080019cc       0xd4 build/stm32f2xx_hal_rcc.o
                0x080019cc                HAL_RCC_GetSysClockFreq
 .text.HAL_RCC_ClockConfig
                0x08001aa0      0x16c build/stm32f2xx_hal_rcc.o
                0x08001aa0                HAL_RCC_ClockConfig
 .text.HAL_RCC_GetHCLKFreq
                0x08001c0c        0xc build/stm32f2xx_hal_rcc.o
                0x08001c0c                HAL_RCC_GetHCLKFreq
 .text.HAL_RCC_GetPCLK1Freq
                0x08001c18       0x2c build/stm32f2xx_hal_rcc.o
                0x08001c18                HAL_RCC_GetPCLK1Freq
 .text.HAL_RCC_GetPCLK2Freq
                0x08001c44       0x2c build/stm32f2xx_hal_rcc.o
                0x08001c44                HAL_RCC_GetPCLK2Freq
 .text.HAL_NVIC_SetPriorityGrouping
                0x08001c70       0x24 build/stm32f2xx_hal_cortex.o
                0x08001c70                HAL_NVIC_SetPriorityGrouping
 .text.HAL_NVIC_SetPriority
                0x08001c94       0x70 build/stm32f2xx_hal_cortex.o
                0x08001c94                HAL_NVIC_SetPriority
 .text.HAL_SYSTICK_Config
                0x08001d04       0x28 build/stm32f2xx_hal_cortex.o
                0x08001d04                HAL_SYSTICK_Config
 .text.HAL_GPIO_Init
                0x08001d2c      0x208 build/stm32f2xx_hal_gpio.o
                0x08001d2c                HAL_GPIO_Init
 .text.HAL_GPIO_WritePin
                0x08001f34        0xc build/stm32f2xx_hal_gpio.o
                0x08001f34                HAL_GPIO_WritePin
 .text.HAL_GPIO_TogglePin
                0x08001f40       0x12 build/stm32f2xx_hal_gpio.o
                0x08001f40                HAL_GPIO_TogglePin
 *fill*         0x08001f52        0x2 
 .text.SPI_WaitFlagStateUntilTimeout
                0x08001f54       0xd4 build/stm32f2xx_hal_spi.o
 .text.SPI_EndRxTxTransaction
                0x08002028       0x24 build/stm32f2xx_hal_spi.o
 .text.SPI_EndRxTransaction
                0x0800204c       0x48 build/stm32f2xx_hal_spi.o
 .text.HAL_SPI_Init
                0x08002094       0xbe build/stm32f2xx_hal_spi.o
                0x08002094                HAL_SPI_Init
 .text.HAL_SPI_Transmit
                0x08002152      0x1b8 build/stm32f2xx_hal_spi.o
                0x08002152                HAL_SPI_Transmit
 .text.HAL_SPI_TransmitReceive
                0x0800230a      0x238 build/stm32f2xx_hal_spi.o
                0x0800230a                HAL_SPI_TransmitReceive
 .text.HAL_SPI_Receive
                0x08002542      0x180 build/stm32f2xx_hal_spi.o
                0x08002542                HAL_SPI_Receive
 *fill*         0x080026c2        0x2 
 .text.UART_SetConfig
                0x080026c4       0xe4 build/stm32f2xx_hal_uart.o
 .text.UART_WaitOnFlagUntilTimeout
                0x080027a8       0x6c build/stm32f2xx_hal_uart.o
 .text.HAL_UART_Init
                0x08002814       0x5e build/stm32f2xx_hal_uart.o
                0x08002814                HAL_UART_Init
 .text.HAL_UART_Transmit
                0x08002872       0xd8 build/stm32f2xx_hal_uart.o
                0x08002872                HAL_UART_Transmit
 .text.SystemInit
                0x0800294a        0x2 build/system_stm32f2xx.o
                0x0800294a                SystemInit
 .text.NRF24_csn
                0x0800294c       0x2c build/MY_NRF24.o
                0x0800294c                NRF24_csn
 .text.NRF24_ce
                0x08002978       0x2c build/MY_NRF24.o
                0x08002978                NRF24_ce
 .text.NRF24_read_register
                0x080029a4       0x44 build/MY_NRF24.o
                0x080029a4                NRF24_read_register
 .text.NRF24_read_registerN
                0x080029e8       0x40 build/MY_NRF24.o
                0x080029e8                NRF24_read_registerN
 .text.NRF24_write_register
                0x08002a28       0x34 build/MY_NRF24.o
                0x08002a28                NRF24_write_register
 .text.NRF24_write_registerN
                0x08002a5c       0x40 build/MY_NRF24.o
                0x08002a5c                NRF24_write_registerN
 .text.NRF24_flush_tx
                0x08002a9c        0xc build/MY_NRF24.o
                0x08002a9c                NRF24_flush_tx
 .text.NRF24_flush_rx
                0x08002aa8        0xc build/MY_NRF24.o
                0x08002aa8                NRF24_flush_rx
 .text.NRF24_get_status
                0x08002ab4        0xa build/MY_NRF24.o
                0x08002ab4                NRF24_get_status
 *fill*         0x08002abe        0x2 
 .text.NRF24_startListening
                0x08002ac0       0x40 build/MY_NRF24.o
                0x08002ac0                NRF24_startListening
 .text.NRF24_openReadingPipe
                0x08002b00       0x70 build/MY_NRF24.o
                0x08002b00                NRF24_openReadingPipe
 .text.NRF24_setRetries
                0x08002b70       0x14 build/MY_NRF24.o
                0x08002b70                NRF24_setRetries
 .text.NRF24_setChannel
                0x08002b84       0x12 build/MY_NRF24.o
                0x08002b84                NRF24_setChannel
 *fill*         0x08002b96        0x2 
 .text.NRF24_setPayloadSize
                0x08002b98       0x10 build/MY_NRF24.o
                0x08002b98                NRF24_setPayloadSize
 .text.NRF24_getPayloadSize
                0x08002ba8        0xc build/MY_NRF24.o
                0x08002ba8                NRF24_getPayloadSize
 .text.NRF24_read_payload
                0x08002bb4       0x4c build/MY_NRF24.o
                0x08002bb4                NRF24_read_payload
 .text.NRF24_getDynamicPayloadSize
                0x08002c00        0xa build/MY_NRF24.o
                0x08002c00                NRF24_getDynamicPayloadSize
 .text.NRF24_read
                0x08002c0a       0x1c build/MY_NRF24.o
                0x08002c0a                NRF24_read
 *fill*         0x08002c26        0x2 
 .text.NRF24_disableDynamicPayloads
                0x08002c28       0x28 build/MY_NRF24.o
                0x08002c28                NRF24_disableDynamicPayloads
 .text.NRF24_setAutoAck
                0x08002c50       0x18 build/MY_NRF24.o
                0x08002c50                NRF24_setAutoAck
 .text.NRF24_setPALevel
                0x08002c68       0x3e build/MY_NRF24.o
                0x08002c68                NRF24_setPALevel
 *fill*         0x08002ca6        0x2 
 .text.NRF24_setDataRate
                0x08002ca8       0x58 build/MY_NRF24.o
                0x08002ca8                NRF24_setDataRate
 .text.NRF24_setCRCLength
                0x08002d00       0x26 build/MY_NRF24.o
                0x08002d00                NRF24_setCRCLength
 .text.NRF24_powerDown
                0x08002d26       0x14 build/MY_NRF24.o
                0x08002d26                NRF24_powerDown
 .text.NRF24_availablePipe
                0x08002d3a       0x3c build/MY_NRF24.o
                0x08002d3a                NRF24_availablePipe
 .text.NRF24_available
                0x08002d76        0xa build/MY_NRF24.o
                0x08002d76                NRF24_available
 .text.NRF24_writeAckPayload
                0x08002d80       0x2c build/MY_NRF24.o
                0x08002d80                NRF24_writeAckPayload
 .text.NRF24_resetStatus
                0x08002dac        0xc build/MY_NRF24.o
                0x08002dac                NRF24_resetStatus
 .text.NRF24_ACTIVATE_cmd
                0x08002db8       0x34 build/MY_NRF24.o
                0x08002db8                NRF24_ACTIVATE_cmd
 .text.NRF24_enableAckPayload
                0x08002dec       0x48 build/MY_NRF24.o
                0x08002dec                NRF24_enableAckPayload
 .text.NRF24_enableDynamicPayloads
                0x08002e34       0x54 build/MY_NRF24.o
                0x08002e34                NRF24_enableDynamicPayloads
 .text.printRadioSettings
                0x08002e88      0x600 build/MY_NRF24.o
                0x08002e88                printRadioSettings
 .text.NRF24_begin
                0x08003488      0x1a4 build/MY_NRF24.o
                0x08003488                NRF24_begin
 .text.nrf24_DebugUART_Init
                0x0800362c       0x24 build/MY_NRF24.o
                0x0800362c                nrf24_DebugUART_Init
 .text.Reset_Handler
                0x08003650       0x50 build/startup_stm32f205xx.o
                0x08003650                Reset_Handler
 .text.Default_Handler
                0x080036a0        0x2 build/startup_stm32f205xx.o
                0x080036a0                RTC_Alarm_IRQHandler
                0x080036a0                HASH_RNG_IRQHandler
                0x080036a0                EXTI2_IRQHandler
                0x080036a0                TIM8_CC_IRQHandler
                0x080036a0                TIM1_CC_IRQHandler
                0x080036a0                DMA2_Stream5_IRQHandler
                0x080036a0                DMA1_Stream5_IRQHandler
                0x080036a0                PVD_IRQHandler
                0x080036a0                SDIO_IRQHandler
                0x080036a0                TAMP_STAMP_IRQHandler
                0x080036a0                CAN2_RX1_IRQHandler
                0x080036a0                EXTI3_IRQHandler
                0x080036a0                TIM8_TRG_COM_TIM14_IRQHandler
                0x080036a0                TIM1_UP_TIM10_IRQHandler
                0x080036a0                TIM8_UP_TIM13_IRQHandler
                0x080036a0                I2C3_ER_IRQHandler
                0x080036a0                EXTI0_IRQHandler
                0x080036a0                I2C2_EV_IRQHandler
                0x080036a0                DMA1_Stream2_IRQHandler
                0x080036a0                CAN1_RX0_IRQHandler
                0x080036a0                OTG_HS_WKUP_IRQHandler
                0x080036a0                CAN2_SCE_IRQHandler
                0x080036a0                DMA2_Stream2_IRQHandler
                0x080036a0                SPI1_IRQHandler
                0x080036a0                TIM6_DAC_IRQHandler
                0x080036a0                TIM1_BRK_TIM9_IRQHandler
                0x080036a0                CAN2_RX0_IRQHandler
                0x080036a0                DMA2_Stream3_IRQHandler
                0x080036a0                USART6_IRQHandler
                0x080036a0                USART3_IRQHandler
                0x080036a0                CAN1_RX1_IRQHandler
                0x080036a0                UART5_IRQHandler
                0x080036a0                DMA2_Stream0_IRQHandler
                0x080036a0                TIM4_IRQHandler
                0x080036a0                I2C1_EV_IRQHandler
                0x080036a0                DMA1_Stream6_IRQHandler
                0x080036a0                DMA1_Stream1_IRQHandler
                0x080036a0                UART4_IRQHandler
                0x080036a0                TIM3_IRQHandler
                0x080036a0                RCC_IRQHandler
                0x080036a0                TIM8_BRK_TIM12_IRQHandler
                0x080036a0                Default_Handler
                0x080036a0                EXTI15_10_IRQHandler
                0x080036a0                ADC_IRQHandler
                0x080036a0                DMA1_Stream7_IRQHandler
                0x080036a0                TIM7_IRQHandler
                0x080036a0                CAN2_TX_IRQHandler
                0x080036a0                TIM5_IRQHandler
                0x080036a0                DMA2_Stream7_IRQHandler
                0x080036a0                I2C3_EV_IRQHandler
                0x080036a0                EXTI9_5_IRQHandler
                0x080036a0                RTC_WKUP_IRQHandler
                0x080036a0                SPI2_IRQHandler
                0x080036a0                OTG_HS_EP1_IN_IRQHandler
                0x080036a0                DMA1_Stream0_IRQHandler
                0x080036a0                CAN1_TX_IRQHandler
                0x080036a0                EXTI4_IRQHandler
                0x080036a0                FSMC_IRQHandler
                0x080036a0                OTG_HS_EP1_OUT_IRQHandler
                0x080036a0                WWDG_IRQHandler
                0x080036a0                TIM2_IRQHandler
                0x080036a0                OTG_FS_WKUP_IRQHandler
                0x080036a0                TIM1_TRG_COM_TIM11_IRQHandler
                0x080036a0                OTG_HS_IRQHandler
                0x080036a0                EXTI1_IRQHandler
                0x080036a0                USART2_IRQHandler
                0x080036a0                I2C2_ER_IRQHandler
                0x080036a0                DMA2_Stream1_IRQHandler
                0x080036a0                CAN1_SCE_IRQHandler
                0x080036a0                FLASH_IRQHandler
                0x080036a0                DMA2_Stream4_IRQHandler
                0x080036a0                USART1_IRQHandler
                0x080036a0                OTG_FS_IRQHandler
                0x080036a0                SPI3_IRQHandler
                0x080036a0                DMA1_Stream4_IRQHandler
                0x080036a0                I2C1_ER_IRQHandler
                0x080036a0                DMA2_Stream6_IRQHandler
                0x080036a0                DMA1_Stream3_IRQHandler
 *fill*         0x080036a2        0x2 
 .text.__libc_init_array
                0x080036a4       0x48 c:/program files (x86)/gnu arm embedded toolchain/10 2021.10/bin/../lib/gcc/arm-none-eabi/10.3.1/../../../../arm-none-eabi/lib/thumb/v7-m/nofp\libc_nano.a(lib_a-init.o)
                0x080036a4                __libc_init_array
 .text.memcpy   0x080036ec       0x1c c:/program files (x86)/gnu arm embedded toolchain/10 2021.10/bin/../lib/gcc/arm-none-eabi/10.3.1/../../../../arm-none-eabi/lib/thumb/v7-m/nofp\libc_nano.a(lib_a-memcpy-stub.o)
                0x080036ec                memcpy
 .text.memmove  0x08003708       0x34 c:/program files (x86)/gnu arm embedded toolchain/10 2021.10/bin/../lib/gcc/arm-none-eabi/10.3.1/../../../../arm-none-eabi/lib/thumb/v7-m/nofp\libc_nano.a(lib_a-memmove.o)
                0x08003708                memmove
 .text.memset   0x0800373c       0x10 c:/program files (x86)/gnu arm embedded toolchain/10 2021.10/bin/../lib/gcc/arm-none-eabi/10.3.1/../../../../arm-none-eabi/lib/thumb/v7-m/nofp\libc_nano.a(lib_a-memset.o)
                0x0800373c                memset
 .text.__cvt    0x0800374c       0xbe c:/program files (x86)/gnu arm embedded toolchain/10 2021.10/bin/../lib/gcc/arm-none-eabi/10.3.1/../../../../arm-none-eabi/lib/thumb/v7-m/nofp\libc_nano.a(lib_a-nano-vfprintf_float.o)
                0x0800374c                __cvt
 .text.__exponent
                0x0800380a       0x7c c:/program files (x86)/gnu arm embedded toolchain/10 2021.10/bin/../lib/gcc/arm-none-eabi/10.3.1/../../../../arm-none-eabi/lib/thumb/v7-m/nofp\libc_nano.a(lib_a-nano-vfprintf_float.o)
                0x0800380a                __exponent
 *fill*         0x08003886        0x2 
 .text._printf_float
                0x08003888      0x458 c:/program files (x86)/gnu arm embedded toolchain/10 2021.10/bin/../lib/gcc/arm-none-eabi/10.3.1/../../../../arm-none-eabi/lib/thumb/v7-m/nofp\libc_nano.a(lib_a-nano-vfprintf_float.o)
                0x08003888                _printf_float
 .text._printf_common
                0x08003ce0       0xde c:/program files (x86)/gnu arm embedded toolchain/10 2021.10/bin/../lib/gcc/arm-none-eabi/10.3.1/../../../../arm-none-eabi/lib/thumb/v7-m/nofp\libc_nano.a(lib_a-nano-vfprintf_i.o)
                0x08003ce0                _printf_common
 *fill*         0x08003dbe        0x2 
 .text._printf_i
                0x08003dc0      0x24c c:/program files (x86)/gnu arm embedded toolchain/10 2021.10/bin/../lib/gcc/arm-none-eabi/10.3.1/../../../../arm-none-eabi/lib/thumb/v7-m/nofp\libc_nano.a(lib_a-nano-vfprintf_i.o)
                0x08003dc0                _printf_i
 .text.printf   0x0800400c       0x30 c:/program files (x86)/gnu arm embedded toolchain/10 2021.10/bin/../lib/gcc/arm-none-eabi/10.3.1/../../../../arm-none-eabi/lib/thumb/v7-m/nofp\libc_nano.a(lib_a-printf.o)
                0x0800400c                iprintf
                0x0800400c                printf
 .text.sprintf  0x0800403c       0x40 c:/program files (x86)/gnu arm embedded toolchain/10 2021.10/bin/../lib/gcc/arm-none-eabi/10.3.1/../../../../arm-none-eabi/lib/thumb/v7-m/nofp\libc_nano.a(lib_a-sprintf.o)
                0x0800403c                siprintf
                0x0800403c                sprintf
 .text.quorem   0x0800407c      0x118 c:/program files (x86)/gnu arm embedded toolchain/10 2021.10/bin/../lib/gcc/arm-none-eabi/10.3.1/../../../../arm-none-eabi/lib/thumb/v7-m/nofp\libc_nano.a(lib_a-dtoa.o)
 *fill*         0x08004194        0x4 
 .text._dtoa_r  0x08004198      0xbdc c:/program files (x86)/gnu arm embedded toolchain/10 2021.10/bin/../lib/gcc/arm-none-eabi/10.3.1/../../../../arm-none-eabi/lib/thumb/v7-m/nofp\libc_nano.a(lib_a-dtoa.o)
                0x08004198                _dtoa_r
 .text.std      0x08004d74       0x48 c:/program files (x86)/gnu arm embedded toolchain/10 2021.10/bin/../lib/gcc/arm-none-eabi/10.3.1/../../../../arm-none-eabi/lib/thumb/v7-m/nofp\libc_nano.a(lib_a-findfp.o)
 .text._cleanup_r
                0x08004dbc        0xc c:/program files (x86)/gnu arm embedded toolchain/10 2021.10/bin/../lib/gcc/arm-none-eabi/10.3.1/../../../../arm-none-eabi/lib/thumb/v7-m/nofp\libc_nano.a(lib_a-findfp.o)
                0x08004dbc                _cleanup_r
 .text.__sfmoreglue
                0x08004dc8       0x2c c:/program files (x86)/gnu arm embedded toolchain/10 2021.10/bin/../lib/gcc/arm-none-eabi/10.3.1/../../../../arm-none-eabi/lib/thumb/v7-m/nofp\libc_nano.a(lib_a-findfp.o)
                0x08004dc8                __sfmoreglue
 .text.__sfp_lock_acquire
                0x08004df4        0xc c:/program files (x86)/gnu arm embedded toolchain/10 2021.10/bin/../lib/gcc/arm-none-eabi/10.3.1/../../../../arm-none-eabi/lib/thumb/v7-m/nofp\libc_nano.a(lib_a-findfp.o)
                0x08004df4                __sfp_lock_acquire
 .text.__sfp_lock_release
                0x08004e00        0xc c:/program files (x86)/gnu arm embedded toolchain/10 2021.10/bin/../lib/gcc/arm-none-eabi/10.3.1/../../../../arm-none-eabi/lib/thumb/v7-m/nofp\libc_nano.a(lib_a-findfp.o)
                0x08004e00                __sfp_lock_release
 .text.__sinit_lock_acquire
                0x08004e0c        0xc c:/program files (x86)/gnu arm embedded toolchain/10 2021.10/bin/../lib/gcc/arm-none-eabi/10.3.1/../../../../arm-none-eabi/lib/thumb/v7-m/nofp\libc_nano.a(lib_a-findfp.o)
                0x08004e0c                __sinit_lock_acquire
 .text.__sinit_lock_release
                0x08004e18        0xc c:/program files (x86)/gnu arm embedded toolchain/10 2021.10/bin/../lib/gcc/arm-none-eabi/10.3.1/../../../../arm-none-eabi/lib/thumb/v7-m/nofp\libc_nano.a(lib_a-findfp.o)
                0x08004e18                __sinit_lock_release
 .text.__sinit  0x08004e24       0x70 c:/program files (x86)/gnu arm embedded toolchain/10 2021.10/bin/../lib/gcc/arm-none-eabi/10.3.1/../../../../arm-none-eabi/lib/thumb/v7-m/nofp\libc_nano.a(lib_a-findfp.o)
                0x08004e24                __sinit
 .text.__sfp    0x08004e94       0x8c c:/program files (x86)/gnu arm embedded toolchain/10 2021.10/bin/../lib/gcc/arm-none-eabi/10.3.1/../../../../arm-none-eabi/lib/thumb/v7-m/nofp\libc_nano.a(lib_a-findfp.o)
                0x08004e94                __sfp
 .text._fwalk_reent
                0x08004f20       0x3e c:/program files (x86)/gnu arm embedded toolchain/10 2021.10/bin/../lib/gcc/arm-none-eabi/10.3.1/../../../../arm-none-eabi/lib/thumb/v7-m/nofp\libc_nano.a(lib_a-fwalk.o)
                0x08004f20                _fwalk_reent
 *fill*         0x08004f5e        0x2 
 .text._localeconv_r
                0x08004f60        0x8 c:/program files (x86)/gnu arm embedded toolchain/10 2021.10/bin/../lib/gcc/arm-none-eabi/10.3.1/../../../../arm-none-eabi/lib/thumb/v7-m/nofp\libc_nano.a(lib_a-localeconv.o)
                0x08004f60                _localeconv_r
 .text.__retarget_lock_init_recursive
                0x08004f68        0x2 c:/program files (x86)/gnu arm embedded toolchain/10 2021.10/bin/../lib/gcc/arm-none-eabi/10.3.1/../../../../arm-none-eabi/lib/thumb/v7-m/nofp\libc_nano.a(lib_a-lock.o)
                0x08004f68                __retarget_lock_init_recursive
 .text.__retarget_lock_acquire_recursive
                0x08004f6a        0x2 c:/program files (x86)/gnu arm embedded toolchain/10 2021.10/bin/../lib/gcc/arm-none-eabi/10.3.1/../../../../arm-none-eabi/lib/thumb/v7-m/nofp\libc_nano.a(lib_a-lock.o)
                0x08004f6a                __retarget_lock_acquire_recursive
 .text.__retarget_lock_release_recursive
                0x08004f6c        0x2 c:/program files (x86)/gnu arm embedded toolchain/10 2021.10/bin/../lib/gcc/arm-none-eabi/10.3.1/../../../../arm-none-eabi/lib/thumb/v7-m/nofp\libc_nano.a(lib_a-lock.o)
                0x08004f6c                __retarget_lock_release_recursive
 *fill*         0x08004f6e        0x2 
 .text.malloc   0x08004f70       0x10 c:/program files (x86)/gnu arm embedded toolchain/10 2021.10/bin/../lib/gcc/arm-none-eabi/10.3.1/../../../../arm-none-eabi/lib/thumb/v7-m/nofp\libc_nano.a(lib_a-malloc.o)
                0x08004f70                malloc
 .text.memchr   0x08004f80       0x1c c:/program files (x86)/gnu arm embedded toolchain/10 2021.10/bin/../lib/gcc/arm-none-eabi/10.3.1/../../../../arm-none-eabi/lib/thumb/v7-m/nofp\libc_nano.a(lib_a-memchr-stub.o)
                0x08004f80                memchr
 .text._Balloc  0x08004f9c       0x80 c:/program files (x86)/gnu arm embedded toolchain/10 2021.10/bin/../lib/gcc/arm-none-eabi/10.3.1/../../../../arm-none-eabi/lib/thumb/v7-m/nofp\libc_nano.a(lib_a-mprec.o)
                0x08004f9c                _Balloc
 .text._Bfree   0x0800501c       0x44 c:/program files (x86)/gnu arm embedded toolchain/10 2021.10/bin/../lib/gcc/arm-none-eabi/10.3.1/../../../../arm-none-eabi/lib/thumb/v7-m/nofp\libc_nano.a(lib_a-mprec.o)
                0x0800501c                _Bfree
 .text.__multadd
                0x08005060       0x8c c:/program files (x86)/gnu arm embedded toolchain/10 2021.10/bin/../lib/gcc/arm-none-eabi/10.3.1/../../../../arm-none-eabi/lib/thumb/v7-m/nofp\libc_nano.a(lib_a-mprec.o)
                0x08005060                __multadd
 .text.__hi0bits
                0x080050ec       0x40 c:/program files (x86)/gnu arm embedded toolchain/10 2021.10/bin/../lib/gcc/arm-none-eabi/10.3.1/../../../../arm-none-eabi/lib/thumb/v7-m/nofp\libc_nano.a(lib_a-mprec.o)
                0x080050ec                __hi0bits
 .text.__lo0bits
                0x0800512c       0x5a c:/program files (x86)/gnu arm embedded toolchain/10 2021.10/bin/../lib/gcc/arm-none-eabi/10.3.1/../../../../arm-none-eabi/lib/thumb/v7-m/nofp\libc_nano.a(lib_a-mprec.o)
                0x0800512c                __lo0bits
 *fill*         0x08005186        0x2 
 .text.__i2b    0x08005188       0x2c c:/program files (x86)/gnu arm embedded toolchain/10 2021.10/bin/../lib/gcc/arm-none-eabi/10.3.1/../../../../arm-none-eabi/lib/thumb/v7-m/nofp\libc_nano.a(lib_a-mprec.o)
                0x08005188                __i2b
 .text.__multiply
                0x080051b4      0x150 c:/program files (x86)/gnu arm embedded toolchain/10 2021.10/bin/../lib/gcc/arm-none-eabi/10.3.1/../../../../arm-none-eabi/lib/thumb/v7-m/nofp\libc_nano.a(lib_a-mprec.o)
                0x080051b4                __multiply
 .text.__pow5mult
                0x08005304       0xb4 c:/program files (x86)/gnu arm embedded toolchain/10 2021.10/bin/../lib/gcc/arm-none-eabi/10.3.1/../../../../arm-none-eabi/lib/thumb/v7-m/nofp\libc_nano.a(lib_a-mprec.o)
                0x08005304                __pow5mult
 .text.__lshift
                0x080053b8       0xe0 c:/program files (x86)/gnu arm embedded toolchain/10 2021.10/bin/../lib/gcc/arm-none-eabi/10.3.1/../../../../arm-none-eabi/lib/thumb/v7-m/nofp\libc_nano.a(lib_a-mprec.o)
                0x080053b8                __lshift
 .text.__mcmp   0x08005498       0x36 c:/program files (x86)/gnu arm embedded toolchain/10 2021.10/bin/../lib/gcc/arm-none-eabi/10.3.1/../../../../arm-none-eabi/lib/thumb/v7-m/nofp\libc_nano.a(lib_a-mprec.o)
                0x08005498                __mcmp
 *fill*         0x080054ce        0x2 
 .text.__mdiff  0x080054d0      0x118 c:/program files (x86)/gnu arm embedded toolchain/10 2021.10/bin/../lib/gcc/arm-none-eabi/10.3.1/../../../../arm-none-eabi/lib/thumb/v7-m/nofp\libc_nano.a(lib_a-mprec.o)
                0x080054d0                __mdiff
 .text.__d2b    0x080055e8       0xb8 c:/program files (x86)/gnu arm embedded toolchain/10 2021.10/bin/../lib/gcc/arm-none-eabi/10.3.1/../../../../arm-none-eabi/lib/thumb/v7-m/nofp\libc_nano.a(lib_a-mprec.o)
                0x080055e8                __d2b
 .text._calloc_r
                0x080056a0       0x28 c:/program files (x86)/gnu arm embedded toolchain/10 2021.10/bin/../lib/gcc/arm-none-eabi/10.3.1/../../../../arm-none-eabi/lib/thumb/v7-m/nofp\libc_nano.a(lib_a-nano-callocr.o)
                0x080056a0                _calloc_r
 .text._free_r  0x080056c8       0x90 c:/program files (x86)/gnu arm embedded toolchain/10 2021.10/bin/../lib/gcc/arm-none-eabi/10.3.1/../../../../arm-none-eabi/lib/thumb/v7-m/nofp\libc_nano.a(lib_a-nano-freer.o)
                0x080056c8                _free_r
 .text.sbrk_aligned
                0x08005758       0x40 c:/program files (x86)/gnu arm embedded toolchain/10 2021.10/bin/../lib/gcc/arm-none-eabi/10.3.1/../../../../arm-none-eabi/lib/thumb/v7-m/nofp\libc_nano.a(lib_a-nano-mallocr.o)
 .text._malloc_r
                0x08005798       0xe8 c:/program files (x86)/gnu arm embedded toolchain/10 2021.10/bin/../lib/gcc/arm-none-eabi/10.3.1/../../../../arm-none-eabi/lib/thumb/v7-m/nofp\libc_nano.a(lib_a-nano-mallocr.o)
                0x08005798                _malloc_r
 .text.__ssputs_r
                0x08005880       0xb6 c:/program files (x86)/gnu arm embedded toolchain/10 2021.10/bin/../lib/gcc/arm-none-eabi/10.3.1/../../../../arm-none-eabi/lib/thumb/v7-m/nofp\libc_nano.a(lib_a-nano-svfprintf.o)
                0x08005880                __ssputs_r
 *fill*         0x08005936        0x2 
 .text._svfprintf_r
                0x08005938      0x200 c:/program files (x86)/gnu arm embedded toolchain/10 2021.10/bin/../lib/gcc/arm-none-eabi/10.3.1/../../../../arm-none-eabi/lib/thumb/v7-m/nofp\libc_nano.a(lib_a-nano-svfprintf.o)
                0x08005938                _svfiprintf_r
                0x08005938                _svfprintf_r
 .text.__sfputc_r
                0x08005b38       0x2a c:/program files (x86)/gnu arm embedded toolchain/10 2021.10/bin/../lib/gcc/arm-none-eabi/10.3.1/../../../../arm-none-eabi/lib/thumb/v7-m/nofp\libc_nano.a(lib_a-nano-vfprintf.o)
 .text.__sfputs_r
                0x08005b62       0x24 c:/program files (x86)/gnu arm embedded toolchain/10 2021.10/bin/../lib/gcc/arm-none-eabi/10.3.1/../../../../arm-none-eabi/lib/thumb/v7-m/nofp\libc_nano.a(lib_a-nano-vfprintf.o)
                0x08005b62                __sfputs_r
 *fill*         0x08005b86        0x2 
 .text._vfprintf_r
                0x08005b88      0x260 c:/program files (x86)/gnu arm embedded toolchain/10 2021.10/bin/../lib/gcc/arm-none-eabi/10.3.1/../../../../arm-none-eabi/lib/thumb/v7-m/nofp\libc_nano.a(lib_a-nano-vfprintf.o)
                0x08005b88                _vfprintf_r
                0x08005b88                _vfiprintf_r
 .text._sbrk_r  0x08005de8       0x20 c:/program files (x86)/gnu arm embedded toolchain/10 2021.10/bin/../lib/gcc/arm-none-eabi/10.3.1/../../../../arm-none-eabi/lib/thumb/v7-m/nofp\libc_nano.a(lib_a-sbrkr.o)
                0x08005de8                _sbrk_r
 .text.__sread  0x08005e08       0x22 c:/program files (x86)/gnu arm embedded toolchain/10 2021.10/bin/../lib/gcc/arm-none-eabi/10.3.1/../../../../arm-none-eabi/lib/thumb/v7-m/nofp\libc_nano.a(lib_a-stdio.o)
                0x08005e08                __sread
 .text.__swrite
                0x08005e2a       0x38 c:/program files (x86)/gnu arm embedded toolchain/10 2021.10/bin/../lib/gcc/arm-none-eabi/10.3.1/../../../../arm-none-eabi/lib/thumb/v7-m/nofp\libc_nano.a(lib_a-stdio.o)
                0x08005e2a                __swrite
 .text.__sseek  0x08005e62       0x24 c:/program files (x86)/gnu arm embedded toolchain/10 2021.10/bin/../lib/gcc/arm-none-eabi/10.3.1/../../../../arm-none-eabi/lib/thumb/v7-m/nofp\libc_nano.a(lib_a-stdio.o)
                0x08005e62                __sseek
 .text.__sclose
                0x08005e86        0x8 c:/program files (x86)/gnu arm embedded toolchain/10 2021.10/bin/../lib/gcc/arm-none-eabi/10.3.1/../../../../arm-none-eabi/lib/thumb/v7-m/nofp\libc_nano.a(lib_a-stdio.o)
                0x08005e86                __sclose
 *fill*         0x08005e8e        0x2 
 .text.__swbuf_r
                0x08005e90       0xa4 c:/program files (x86)/gnu arm embedded toolchain/10 2021.10/bin/../lib/gcc/arm-none-eabi/10.3.1/../../../../arm-none-eabi/lib/thumb/v7-m/nofp\libc_nano.a(lib_a-wbuf.o)
                0x08005e90                __swbuf_r
 .text._write_r
                0x08005f34       0x24 c:/program files (x86)/gnu arm embedded toolchain/10 2021.10/bin/../lib/gcc/arm-none-eabi/10.3.1/../../../../arm-none-eabi/lib/thumb/v7-m/nofp\libc_nano.a(lib_a-writer.o)
                0x08005f34                _write_r
 .text.__swsetup_r
                0x08005f58       0xdc c:/program files (x86)/gnu arm embedded toolchain/10 2021.10/bin/../lib/gcc/arm-none-eabi/10.3.1/../../../../arm-none-eabi/lib/thumb/v7-m/nofp\libc_nano.a(lib_a-wsetup.o)
                0x08005f58                __swsetup_r
 .text.__assert_func
                0x08006034       0x3c c:/program files (x86)/gnu arm embedded toolchain/10 2021.10/bin/../lib/gcc/arm-none-eabi/10.3.1/../../../../arm-none-eabi/lib/thumb/v7-m/nofp\libc_nano.a(lib_a-assert.o)
                0x08006034                __assert_func
 .text._close_r
                0x08006070       0x20 c:/program files (x86)/gnu arm embedded toolchain/10 2021.10/bin/../lib/gcc/arm-none-eabi/10.3.1/../../../../arm-none-eabi/lib/thumb/v7-m/nofp\libc_nano.a(lib_a-closer.o)
                0x08006070                _close_r
 .text.__sflush_r
                0x08006090      0x104 c:/program files (x86)/gnu arm embedded toolchain/10 2021.10/bin/../lib/gcc/arm-none-eabi/10.3.1/../../../../arm-none-eabi/lib/thumb/v7-m/nofp\libc_nano.a(lib_a-fflush.o)
                0x08006090                __sflush_r
 .text._fflush_r
                0x08006194       0x78 c:/program files (x86)/gnu arm embedded toolchain/10 2021.10/bin/../lib/gcc/arm-none-eabi/10.3.1/../../../../arm-none-eabi/lib/thumb/v7-m/nofp\libc_nano.a(lib_a-fflush.o)
                0x08006194                _fflush_r
 .text.fprintf  0x0800620c       0x24 c:/program files (x86)/gnu arm embedded toolchain/10 2021.10/bin/../lib/gcc/arm-none-eabi/10.3.1/../../../../arm-none-eabi/lib/thumb/v7-m/nofp\libc_nano.a(lib_a-fprintf.o)
                0x0800620c                fiprintf
                0x0800620c                fprintf
 .text._lseek_r
                0x08006230       0x24 c:/program files (x86)/gnu arm embedded toolchain/10 2021.10/bin/../lib/gcc/arm-none-eabi/10.3.1/../../../../arm-none-eabi/lib/thumb/v7-m/nofp\libc_nano.a(lib_a-lseekr.o)
                0x08006230                _lseek_r
 .text.__swhatbuf_r
                0x08006254       0x4a c:/program files (x86)/gnu arm embedded toolchain/10 2021.10/bin/../lib/gcc/arm-none-eabi/10.3.1/../../../../arm-none-eabi/lib/thumb/v7-m/nofp\libc_nano.a(lib_a-makebuf.o)
                0x08006254                __swhatbuf_r
 *fill*         0x0800629e        0x2 
 .text.__smakebuf_r
                0x080062a0       0x80 c:/program files (x86)/gnu arm embedded toolchain/10 2021.10/bin/../lib/gcc/arm-none-eabi/10.3.1/../../../../arm-none-eabi/lib/thumb/v7-m/nofp\libc_nano.a(lib_a-makebuf.o)
                0x080062a0                __smakebuf_r
 .text.__ascii_mbtowc
                0x08006320       0x24 c:/program files (x86)/gnu arm embedded toolchain/10 2021.10/bin/../lib/gcc/arm-none-eabi/10.3.1/../../../../arm-none-eabi/lib/thumb/v7-m/nofp\libc_nano.a(lib_a-mbtowc_r.o)
                0x08006320                __ascii_mbtowc
 .text.__malloc_lock
                0x08006344        0xc c:/program files (x86)/gnu arm embedded toolchain/10 2021.10/bin/../lib/gcc/arm-none-eabi/10.3.1/../../../../arm-none-eabi/lib/thumb/v7-m/nofp\libc_nano.a(lib_a-mlock.o)
                0x08006344                __malloc_lock
 .text.__malloc_unlock
                0x08006350        0xc c:/program files (x86)/gnu arm embedded toolchain/10 2021.10/bin/../lib/gcc/arm-none-eabi/10.3.1/../../../../arm-none-eabi/lib/thumb/v7-m/nofp\libc_nano.a(lib_a-mlock.o)
                0x08006350                __malloc_unlock
 .text._realloc_r
                0x0800635c       0x5e c:/program files (x86)/gnu arm embedded toolchain/10 2021.10/bin/../lib/gcc/arm-none-eabi/10.3.1/../../../../arm-none-eabi/lib/thumb/v7-m/nofp\libc_nano.a(lib_a-nano-reallocr.o)
                0x0800635c                _realloc_r
 *fill*         0x080063ba        0x2 
 .text._read_r  0x080063bc       0x24 c:/program files (x86)/gnu arm embedded toolchain/10 2021.10/bin/../lib/gcc/arm-none-eabi/10.3.1/../../../../arm-none-eabi/lib/thumb/v7-m/nofp\libc_nano.a(lib_a-readr.o)
                0x080063bc                _read_r
 .text.__ascii_wctomb
                0x080063e0       0x1a c:/program files (x86)/gnu arm embedded toolchain/10 2021.10/bin/../lib/gcc/arm-none-eabi/10.3.1/../../../../arm-none-eabi/lib/thumb/v7-m/nofp\libc_nano.a(lib_a-wctomb_r.o)
                0x080063e0                __ascii_wctomb
 .text.abort    0x080063fa        0xe c:/program files (x86)/gnu arm embedded toolchain/10 2021.10/bin/../lib/gcc/arm-none-eabi/10.3.1/../../../../arm-none-eabi/lib/thumb/v7-m/nofp\libc_nano.a(lib_a-abort.o)
                0x080063fa                abort
 .text._fstat_r
                0x08006408       0x24 c:/program files (x86)/gnu arm embedded toolchain/10 2021.10/bin/../lib/gcc/arm-none-eabi/10.3.1/../../../../arm-none-eabi/lib/thumb/v7-m/nofp\libc_nano.a(lib_a-fstatr.o)
                0x08006408                _fstat_r
 .text._isatty_r
                0x0800642c       0x20 c:/program files (x86)/gnu arm embedded toolchain/10 2021.10/bin/../lib/gcc/arm-none-eabi/10.3.1/../../../../arm-none-eabi/lib/thumb/v7-m/nofp\libc_nano.a(lib_a-isattyr.o)
                0x0800642c                _isatty_r
 .text._malloc_usable_size_r
                0x0800644c       0x10 c:/program files (x86)/gnu arm embedded toolchain/10 2021.10/bin/../lib/gcc/arm-none-eabi/10.3.1/../../../../arm-none-eabi/lib/thumb/v7-m/nofp\libc_nano.a(lib_a-nano-msizer.o)
                0x0800644c                _malloc_usable_size_r
 .text._raise_r
                0x0800645c       0x50 c:/program files (x86)/gnu arm embedded toolchain/10 2021.10/bin/../lib/gcc/arm-none-eabi/10.3.1/../../../../arm-none-eabi/lib/thumb/v7-m/nofp\libc_nano.a(lib_a-signal.o)
                0x0800645c                _raise_r
 .text.raise    0x080064ac       0x10 c:/program files (x86)/gnu arm embedded toolchain/10 2021.10/bin/../lib/gcc/arm-none-eabi/10.3.1/../../../../arm-none-eabi/lib/thumb/v7-m/nofp\libc_nano.a(lib_a-signal.o)
                0x080064ac                raise
 .text._kill_r  0x080064bc       0x24 c:/program files (x86)/gnu arm embedded toolchain/10 2021.10/bin/../lib/gcc/arm-none-eabi/10.3.1/../../../../arm-none-eabi/lib/thumb/v7-m/nofp\libc_nano.a(lib_a-signalr.o)
                0x080064bc                _kill_r
 .text._getpid_r
                0x080064e0        0x4 c:/program files (x86)/gnu arm embedded toolchain/10 2021.10/bin/../lib/gcc/arm-none-eabi/10.3.1/../../../../arm-none-eabi/lib/thumb/v7-m/nofp\libc_nano.a(lib_a-signalr.o)
                0x080064e0                _getpid_r
 .text._close   0x080064e4       0x10 c:/program files (x86)/gnu arm embedded toolchain/10 2021.10/bin/../lib/gcc/arm-none-eabi/10.3.1/../../../../arm-none-eabi/lib/thumb/v7-m/nofp\libnosys.a(close.o)
                0x080064e4                _close
 .text._fstat   0x080064f4       0x10 c:/program files (x86)/gnu arm embedded toolchain/10 2021.10/bin/../lib/gcc/arm-none-eabi/10.3.1/../../../../arm-none-eabi/lib/thumb/v7-m/nofp\libnosys.a(fstat.o)
                0x080064f4                _fstat
 .text._getpid  0x08006504       0x10 c:/program files (x86)/gnu arm embedded toolchain/10 2021.10/bin/../lib/gcc/arm-none-eabi/10.3.1/../../../../arm-none-eabi/lib/thumb/v7-m/nofp\libnosys.a(getpid.o)
                0x08006504                _getpid
 .text._isatty  0x08006514       0x10 c:/program files (x86)/gnu arm embedded toolchain/10 2021.10/bin/../lib/gcc/arm-none-eabi/10.3.1/../../../../arm-none-eabi/lib/thumb/v7-m/nofp\libnosys.a(isatty.o)
                0x08006514                _isatty
 .text._kill    0x08006524       0x10 c:/program files (x86)/gnu arm embedded toolchain/10 2021.10/bin/../lib/gcc/arm-none-eabi/10.3.1/../../../../arm-none-eabi/lib/thumb/v7-m/nofp\libnosys.a(kill.o)
                0x08006524                _kill
 .text._lseek   0x08006534       0x10 c:/program files (x86)/gnu arm embedded toolchain/10 2021.10/bin/../lib/gcc/arm-none-eabi/10.3.1/../../../../arm-none-eabi/lib/thumb/v7-m/nofp\libnosys.a(lseek.o)
                0x08006534                _lseek
 .text._read    0x08006544       0x10 c:/program files (x86)/gnu arm embedded toolchain/10 2021.10/bin/../lib/gcc/arm-none-eabi/10.3.1/../../../../arm-none-eabi/lib/thumb/v7-m/nofp\libnosys.a(read.o)
                0x08006544                _read
 .text._sbrk    0x08006554       0x1c c:/program files (x86)/gnu arm embedded toolchain/10 2021.10/bin/../lib/gcc/arm-none-eabi/10.3.1/../../../../arm-none-eabi/lib/thumb/v7-m/nofp\libnosys.a(sbrk.o)
                0x08006554                _sbrk
 .text._exit    0x08006570        0x4 c:/program files (x86)/gnu arm embedded toolchain/10 2021.10/bin/../lib/gcc/arm-none-eabi/10.3.1/../../../../arm-none-eabi/lib/thumb/v7-m/nofp\libnosys.a(_exit.o)
                0x08006570                _exit
 *(.glue_7)
 .glue_7        0x08006574        0x0 linker stubs
 *(.glue_7t)
 .glue_7t       0x08006574        0x0 linker stubs
 *(.eh_frame)
 .eh_frame      0x08006574        0x0 c:/program files (x86)/gnu arm embedded toolchain/10 2021.10/bin/../lib/gcc/arm-none-eabi/10.3.1/thumb/v7-m/nofp/crtbegin.o
 *(.init)
 .init          0x08006574        0x4 c:/program files (x86)/gnu arm embedded toolchain/10 2021.10/bin/../lib/gcc/arm-none-eabi/10.3.1/thumb/v7-m/nofp/crti.o
                0x08006574                _init
 .init          0x08006578        0x8 c:/program files (x86)/gnu arm embedded toolchain/10 2021.10/bin/../lib/gcc/arm-none-eabi/10.3.1/thumb/v7-m/nofp/crtn.o
 *(.fini)
 .fini          0x08006580        0x4 c:/program files (x86)/gnu arm embedded toolchain/10 2021.10/bin/../lib/gcc/arm-none-eabi/10.3.1/thumb/v7-m/nofp/crti.o
                0x08006580                _fini
 .fini          0x08006584        0x8 c:/program files (x86)/gnu arm embedded toolchain/10 2021.10/bin/../lib/gcc/arm-none-eabi/10.3.1/thumb/v7-m/nofp/crtn.o
                0x0800658c                . = ALIGN (0x4)
                0x0800658c                _etext = .

.vfp11_veneer   0x0800658c        0x0
 .vfp11_veneer  0x0800658c        0x0 linker stubs

.v4_bx          0x0800658c        0x0
 .v4_bx         0x0800658c        0x0 linker stubs

.iplt           0x0800658c        0x0
 .iplt          0x0800658c        0x0 c:/program files (x86)/gnu arm embedded toolchain/10 2021.10/bin/../lib/gcc/arm-none-eabi/10.3.1/thumb/v7-m/nofp/crtbegin.o

.rodata         0x08006590      0x89c
                0x08006590                . = ALIGN (0x4)
 *(.rodata)
 *(.rodata*)
 .rodata.main.str1.4
                0x08006590        0x5 build/main.o
 *fill*         0x08006595        0x3 
 .rodata.AHBPrescTable
                0x08006598       0x10 build/system_stm32f2xx.o
                0x08006598                AHBPrescTable
 .rodata.APBPrescTable
                0x080065a8        0x8 build/system_stm32f2xx.o
                0x080065a8                APBPrescTable
 .rodata.printRadioSettings.str1.4
                0x080065b0      0x447 build/MY_NRF24.o
 *fill*         0x080069f7        0x1 
 .rodata.NRF24_ADDR_REGS
                0x080069f8        0x7 build/MY_NRF24.o
 *fill*         0x080069ff        0x1 
 .rodata.RF24_RX_PW_PIPE
                0x08006a00        0x6 build/MY_NRF24.o
 *fill*         0x08006a06        0x2 
 .rodata._global_impure_ptr
                0x08006a08        0x4 c:/program files (x86)/gnu arm embedded toolchain/10 2021.10/bin/../lib/gcc/arm-none-eabi/10.3.1/../../../../arm-none-eabi/lib/thumb/v7-m/nofp\libc_nano.a(lib_a-impure.o)
                0x08006a08                _global_impure_ptr
 .rodata._printf_float.str1.1
                0x08006a0c       0x12 c:/program files (x86)/gnu arm embedded toolchain/10 2021.10/bin/../lib/gcc/arm-none-eabi/10.3.1/../../../../arm-none-eabi/lib/thumb/v7-m/nofp\libc_nano.a(lib_a-nano-vfprintf_float.o)
 .rodata._printf_i.str1.1
                0x08006a1e       0x22 c:/program files (x86)/gnu arm embedded toolchain/10 2021.10/bin/../lib/gcc/arm-none-eabi/10.3.1/../../../../arm-none-eabi/lib/thumb/v7-m/nofp\libc_nano.a(lib_a-nano-vfprintf_i.o)
 .rodata._dtoa_r.str1.1
                0x08006a40       0xb3 c:/program files (x86)/gnu arm embedded toolchain/10 2021.10/bin/../lib/gcc/arm-none-eabi/10.3.1/../../../../arm-none-eabi/lib/thumb/v7-m/nofp\libc_nano.a(lib_a-dtoa.o)
                                 0xb5 (size before relaxing)
 *fill*         0x08006af3        0x1 
 .rodata.__sf_fake_stderr
                0x08006af4       0x20 c:/program files (x86)/gnu arm embedded toolchain/10 2021.10/bin/../lib/gcc/arm-none-eabi/10.3.1/../../../../arm-none-eabi/lib/thumb/v7-m/nofp\libc_nano.a(lib_a-findfp.o)
                0x08006af4                __sf_fake_stderr
 .rodata.__sf_fake_stdin
                0x08006b14       0x20 c:/program files (x86)/gnu arm embedded toolchain/10 2021.10/bin/../lib/gcc/arm-none-eabi/10.3.1/../../../../arm-none-eabi/lib/thumb/v7-m/nofp\libc_nano.a(lib_a-findfp.o)
                0x08006b14                __sf_fake_stdin
 .rodata.__sf_fake_stdout
                0x08006b34       0x20 c:/program files (x86)/gnu arm embedded toolchain/10 2021.10/bin/../lib/gcc/arm-none-eabi/10.3.1/../../../../arm-none-eabi/lib/thumb/v7-m/nofp\libc_nano.a(lib_a-findfp.o)
                0x08006b34                __sf_fake_stdout
 .rodata._Balloc.str1.1
                0x08006b54       0x7f c:/program files (x86)/gnu arm embedded toolchain/10 2021.10/bin/../lib/gcc/arm-none-eabi/10.3.1/../../../../arm-none-eabi/lib/thumb/v7-m/nofp\libc_nano.a(lib_a-mprec.o)
                                 0x96 (size before relaxing)
 .rodata.__multadd.str1.1
                0x08006bd3       0x11 c:/program files (x86)/gnu arm embedded toolchain/10 2021.10/bin/../lib/gcc/arm-none-eabi/10.3.1/../../../../arm-none-eabi/lib/thumb/v7-m/nofp\libc_nano.a(lib_a-mprec.o)
 *fill*         0x08006bd3        0x5 
 .rodata.__mprec_bigtens
                0x08006bd8       0x28 c:/program files (x86)/gnu arm embedded toolchain/10 2021.10/bin/../lib/gcc/arm-none-eabi/10.3.1/../../../../arm-none-eabi/lib/thumb/v7-m/nofp\libc_nano.a(lib_a-mprec.o)
                0x08006bd8                __mprec_bigtens
 .rodata.__mprec_tens
                0x08006c00       0xc8 c:/program files (x86)/gnu arm embedded toolchain/10 2021.10/bin/../lib/gcc/arm-none-eabi/10.3.1/../../../../arm-none-eabi/lib/thumb/v7-m/nofp\libc_nano.a(lib_a-mprec.o)
                0x08006c00                __mprec_tens
 .rodata.p05.0  0x08006cc8        0xc c:/program files (x86)/gnu arm embedded toolchain/10 2021.10/bin/../lib/gcc/arm-none-eabi/10.3.1/../../../../arm-none-eabi/lib/thumb/v7-m/nofp\libc_nano.a(lib_a-mprec.o)
 .rodata._svfprintf_r.str1.1
                0x08006cd4       0x11 c:/program files (x86)/gnu arm embedded toolchain/10 2021.10/bin/../lib/gcc/arm-none-eabi/10.3.1/../../../../arm-none-eabi/lib/thumb/v7-m/nofp\libc_nano.a(lib_a-nano-svfprintf.o)
 .rodata._vfprintf_r.str1.1
                0x08006ce5       0x11 c:/program files (x86)/gnu arm embedded toolchain/10 2021.10/bin/../lib/gcc/arm-none-eabi/10.3.1/../../../../arm-none-eabi/lib/thumb/v7-m/nofp\libc_nano.a(lib_a-nano-vfprintf.o)
 .rodata.__assert_func.str1.1
                0x08006ce5       0x3c c:/program files (x86)/gnu arm embedded toolchain/10 2021.10/bin/../lib/gcc/arm-none-eabi/10.3.1/../../../../arm-none-eabi/lib/thumb/v7-m/nofp\libc_nano.a(lib_a-assert.o)
                                 0x3d (size before relaxing)
 .rodata._setlocale_r.str1.1
                0x08006d21        0x8 c:/program files (x86)/gnu arm embedded toolchain/10 2021.10/bin/../lib/gcc/arm-none-eabi/10.3.1/../../../../arm-none-eabi/lib/thumb/v7-m/nofp\libc_nano.a(lib_a-locale.o)
                                  0x9 (size before relaxing)
 .rodata.str1.1
                0x08006d29        0x2 c:/program files (x86)/gnu arm embedded toolchain/10 2021.10/bin/../lib/gcc/arm-none-eabi/10.3.1/../../../../arm-none-eabi/lib/thumb/v7-m/nofp\libc_nano.a(lib_a-locale.o)
 .rodata._ctype_
                0x08006d2b      0x101 c:/program files (x86)/gnu arm embedded toolchain/10 2021.10/bin/../lib/gcc/arm-none-eabi/10.3.1/../../../../arm-none-eabi/lib/thumb/v7-m/nofp\libc_nano.a(lib_a-ctype_.o)
                0x08006d2b                _ctype_
                0x08006e2c                . = ALIGN (0x4)

.ARM.extab
 *(.ARM.extab* .gnu.linkonce.armextab.*)

.ARM            0x08006e2c        0x8
                0x08006e2c                __exidx_start = .
 *(.ARM.exidx*)
 .ARM.exidx     0x08006e2c        0x8 c:/program files (x86)/gnu arm embedded toolchain/10 2021.10/bin/../lib/gcc/arm-none-eabi/10.3.1/thumb/v7-m/nofp\libgcc.a(_udivmoddi4.o)
                0x08006e34                __exidx_end = .

.rel.dyn        0x08006e34        0x0
 .rel.iplt      0x08006e34        0x0 c:/program files (x86)/gnu arm embedded toolchain/10 2021.10/bin/../lib/gcc/arm-none-eabi/10.3.1/thumb/v7-m/nofp/crtbegin.o

.preinit_array  0x08006e34        0x0
                0x08006e34                PROVIDE (__preinit_array_start = .)
 *(.preinit_array*)
                0x08006e34                PROVIDE (__preinit_array_end = .)

.init_array     0x08006e34        0x4
                0x08006e34                PROVIDE (__init_array_start = .)
 *(SORT_BY_NAME(.init_array.*))
 *(.init_array*)
 .init_array    0x08006e34        0x4 c:/program files (x86)/gnu arm embedded toolchain/10 2021.10/bin/../lib/gcc/arm-none-eabi/10.3.1/thumb/v7-m/nofp/crtbegin.o
                0x08006e38                PROVIDE (__init_array_end = .)

.fini_array     0x08006e38        0x4
                [!provide]                PROVIDE (__fini_array_start = .)
 *(SORT_BY_NAME(.fini_array.*))
 *(.fini_array*)
 .fini_array    0x08006e38        0x4 c:/program files (x86)/gnu arm embedded toolchain/10 2021.10/bin/../lib/gcc/arm-none-eabi/10.3.1/thumb/v7-m/nofp/crtbegin.o
                [!provide]                PROVIDE (__fini_array_end = .)
                0x08006e3c                _sidata = LOADADDR (.data)

.data           0x20000000      0x204 load address 0x08006e3c
                0x20000000                . = ALIGN (0x4)
                0x20000000                _sdata = .
 *(.data)
 *(.data*)
 .data.RxpipeAddrs
                0x20000000        0x8 build/main.o
                0x20000000                RxpipeAddrs
 .data.myAckPayload
                0x20000008       0x20 build/main.o
                0x20000008                myAckPayload
 .data.uwTickFreq
                0x20000028        0x1 build/stm32f2xx_hal.o
                0x20000028                uwTickFreq
 *fill*         0x20000029        0x3 
 .data.uwTickPrio
                0x2000002c        0x4 build/stm32f2xx_hal.o
                0x2000002c                uwTickPrio
 .data.SystemCoreClock
                0x20000030        0x4 build/system_stm32f2xx.o
                0x20000030                SystemCoreClock
 .data._impure_ptr
                0x20000034        0x4 c:/program files (x86)/gnu arm embedded toolchain/10 2021.10/bin/../lib/gcc/arm-none-eabi/10.3.1/../../../../arm-none-eabi/lib/thumb/v7-m/nofp\libc_nano.a(lib_a-impure.o)
                0x20000034                _impure_ptr
 .data.impure_data
                0x20000038       0x60 c:/program files (x86)/gnu arm embedded toolchain/10 2021.10/bin/../lib/gcc/arm-none-eabi/10.3.1/../../../../arm-none-eabi/lib/thumb/v7-m/nofp\libc_nano.a(lib_a-impure.o)
 .data.__global_locale
                0x20000098      0x16c c:/program files (x86)/gnu arm embedded toolchain/10 2021.10/bin/../lib/gcc/arm-none-eabi/10.3.1/../../../../arm-none-eabi/lib/thumb/v7-m/nofp\libc_nano.a(lib_a-locale.o)
                0x20000098                __global_locale
                0x20000204                . = ALIGN (0x4)
                0x20000204                _edata = .

.igot.plt       0x20000204        0x0 load address 0x08007040
 .igot.plt      0x20000204        0x0 c:/program files (x86)/gnu arm embedded toolchain/10 2021.10/bin/../lib/gcc/arm-none-eabi/10.3.1/thumb/v7-m/nofp/crtbegin.o
                0x20000204                . = ALIGN (0x4)

.bss            0x20000208      0x294 load address 0x08007040
                0x20000208                _sbss = .
                0x20000208                __bss_start__ = _sbss
 *(.bss)
 .bss           0x20000208       0x1c c:/program files (x86)/gnu arm embedded toolchain/10 2021.10/bin/../lib/gcc/arm-none-eabi/10.3.1/thumb/v7-m/nofp/crtbegin.o
 *(.bss*)
 .bss.hi2c1     0x20000224       0x54 build/main.o
                0x20000224                hi2c1
 .bss.hspi1     0x20000278       0x58 build/main.o
                0x20000278                hspi1
 .bss.huart1    0x200002d0       0x44 build/main.o
                0x200002d0                huart1
 .bss.huart2    0x20000314       0x44 build/main.o
                0x20000314                huart2
 .bss.huart3    0x20000358       0x44 build/main.o
                0x20000358                huart3
 .bss.myRxData  0x2000039c       0x32 build/main.o
                0x2000039c                myRxData
 *fill*         0x200003ce        0x2 
 .bss.uwTick    0x200003d0        0x4 build/stm32f2xx_hal.o
                0x200003d0                uwTick
 .bss.dynamic_payloads_enabled
                0x200003d4        0x1 build/MY_NRF24.o
 *fill*         0x200003d5        0x1 
 .bss.nrf24_CE_PIN
                0x200003d6        0x2 build/MY_NRF24.o
 .bss.nrf24_CSN_PIN
                0x200003d8        0x2 build/MY_NRF24.o
 *fill*         0x200003da        0x2 
 .bss.nrf24_PORT
                0x200003dc        0x4 build/MY_NRF24.o
 .bss.nrf24_hspi
                0x200003e0       0x58 build/MY_NRF24.o
 .bss.nrf24_huart
                0x20000438       0x44 build/MY_NRF24.o
 .bss.payload_size
                0x2000047c        0x1 build/MY_NRF24.o
 *fill*         0x2000047d        0x3 
 .bss.pipe0_reading_address
                0x20000480        0x8 build/MY_NRF24.o
 .bss.wide_band
                0x20000488        0x1 build/MY_NRF24.o
 .bss.__lock___malloc_recursive_mutex
                0x20000489        0x1 c:/program files (x86)/gnu arm embedded toolchain/10 2021.10/bin/../lib/gcc/arm-none-eabi/10.3.1/../../../../arm-none-eabi/lib/thumb/v7-m/nofp\libc_nano.a(lib_a-lock.o)
                0x20000489                __lock___malloc_recursive_mutex
 .bss.__lock___sfp_recursive_mutex
                0x2000048a        0x1 c:/program files (x86)/gnu arm embedded toolchain/10 2021.10/bin/../lib/gcc/arm-none-eabi/10.3.1/../../../../arm-none-eabi/lib/thumb/v7-m/nofp\libc_nano.a(lib_a-lock.o)
                0x2000048a                __lock___sfp_recursive_mutex
 .bss.__lock___sinit_recursive_mutex
                0x2000048b        0x1 c:/program files (x86)/gnu arm embedded toolchain/10 2021.10/bin/../lib/gcc/arm-none-eabi/10.3.1/../../../../arm-none-eabi/lib/thumb/v7-m/nofp\libc_nano.a(lib_a-lock.o)
                0x2000048b                __lock___sinit_recursive_mutex
 .bss.__malloc_free_list
                0x2000048c        0x4 c:/program files (x86)/gnu arm embedded toolchain/10 2021.10/bin/../lib/gcc/arm-none-eabi/10.3.1/../../../../arm-none-eabi/lib/thumb/v7-m/nofp\libc_nano.a(lib_a-nano-mallocr.o)
                0x2000048c                __malloc_free_list
 .bss.__malloc_sbrk_start
                0x20000490        0x4 c:/program files (x86)/gnu arm embedded toolchain/10 2021.10/bin/../lib/gcc/arm-none-eabi/10.3.1/../../../../arm-none-eabi/lib/thumb/v7-m/nofp\libc_nano.a(lib_a-nano-mallocr.o)
                0x20000490                __malloc_sbrk_start
 .bss.errno     0x20000494        0x4 c:/program files (x86)/gnu arm embedded toolchain/10 2021.10/bin/../lib/gcc/arm-none-eabi/10.3.1/../../../../arm-none-eabi/lib/thumb/v7-m/nofp\libc_nano.a(lib_a-reent.o)
                0x20000494                errno
 .bss.heap_end.0
                0x20000498        0x4 c:/program files (x86)/gnu arm embedded toolchain/10 2021.10/bin/../lib/gcc/arm-none-eabi/10.3.1/../../../../arm-none-eabi/lib/thumb/v7-m/nofp\libnosys.a(sbrk.o)
 *(COMMON)
                0x2000049c                . = ALIGN (0x4)
                0x2000049c                _ebss = .
                0x2000049c                __bss_end__ = _ebss

._user_heap_stack
                0x2000049c      0x604 load address 0x08007040
                0x200004a0                . = ALIGN (0x8)
 *fill*         0x2000049c        0x4 
                0x200004a0                PROVIDE (end = .)
                [!provide]                PROVIDE (_end = .)
                0x200006a0                . = (. + _Min_Heap_Size)
 *fill*         0x200004a0      0x200 
                0x20000aa0                . = (. + _Min_Stack_Size)
 *fill*         0x200006a0      0x400 
                0x20000aa0                . = ALIGN (0x8)

/DISCARD/
 libc.a(*)
 libm.a(*)
 libgcc.a(*)

.ARM.attributes
                0x00000000       0x29
 *(.ARM.attributes)
 .ARM.attributes
                0x00000000       0x1d c:/program files (x86)/gnu arm embedded toolchain/10 2021.10/bin/../lib/gcc/arm-none-eabi/10.3.1/thumb/v7-m/nofp/crti.o
 .ARM.attributes
                0x0000001d       0x2d c:/program files (x86)/gnu arm embedded toolchain/10 2021.10/bin/../lib/gcc/arm-none-eabi/10.3.1/thumb/v7-m/nofp/crtbegin.o
 .ARM.attributes
                0x0000004a       0x2d build/main.o
 .ARM.attributes
                0x00000077       0x2d build/stm32f2xx_it.o
 .ARM.attributes
                0x000000a4       0x2d build/stm32f2xx_hal_msp.o
 .ARM.attributes
                0x000000d1       0x2d build/stm32f2xx_hal_i2c.o
 .ARM.attributes
                0x000000fe       0x2d build/stm32f2xx_hal.o
 .ARM.attributes
                0x0000012b       0x2d build/stm32f2xx_hal_rcc.o
 .ARM.attributes
                0x00000158       0x2d build/stm32f2xx_hal_cortex.o
 .ARM.attributes
                0x00000185       0x2d build/stm32f2xx_hal_gpio.o
 .ARM.attributes
                0x000001b2       0x2d build/stm32f2xx_hal_spi.o
 .ARM.attributes
                0x000001df       0x2d build/stm32f2xx_hal_uart.o
 .ARM.attributes
                0x0000020c       0x2d build/system_stm32f2xx.o
 .ARM.attributes
                0x00000239       0x2d build/MY_NRF24.o
 .ARM.attributes
                0x00000266       0x21 build/startup_stm32f205xx.o
 .ARM.attributes
                0x00000287       0x2d c:/program files (x86)/gnu arm embedded toolchain/10 2021.10/bin/../lib/gcc/arm-none-eabi/10.3.1/../../../../arm-none-eabi/lib/thumb/v7-m/nofp\libc_nano.a(lib_a-impure.o)
 .ARM.attributes
                0x000002b4       0x2d c:/program files (x86)/gnu arm embedded toolchain/10 2021.10/bin/../lib/gcc/arm-none-eabi/10.3.1/../../../../arm-none-eabi/lib/thumb/v7-m/nofp\libc_nano.a(lib_a-init.o)
 .ARM.attributes
                0x000002e1       0x2d c:/program files (x86)/gnu arm embedded toolchain/10 2021.10/bin/../lib/gcc/arm-none-eabi/10.3.1/../../../../arm-none-eabi/lib/thumb/v7-m/nofp\libc_nano.a(lib_a-memcpy-stub.o)
 .ARM.attributes
                0x0000030e       0x2d c:/program files (x86)/gnu arm embedded toolchain/10 2021.10/bin/../lib/gcc/arm-none-eabi/10.3.1/../../../../arm-none-eabi/lib/thumb/v7-m/nofp\libc_nano.a(lib_a-memmove.o)
 .ARM.attributes
                0x0000033b       0x2d c:/program files (x86)/gnu arm embedded toolchain/10 2021.10/bin/../lib/gcc/arm-none-eabi/10.3.1/../../../../arm-none-eabi/lib/thumb/v7-m/nofp\libc_nano.a(lib_a-memset.o)
 .ARM.attributes
                0x00000368       0x2d c:/program files (x86)/gnu arm embedded toolchain/10 2021.10/bin/../lib/gcc/arm-none-eabi/10.3.1/../../../../arm-none-eabi/lib/thumb/v7-m/nofp\libc_nano.a(lib_a-nano-vfprintf_float.o)
 .ARM.attributes
                0x00000395       0x2d c:/program files (x86)/gnu arm embedded toolchain/10 2021.10/bin/../lib/gcc/arm-none-eabi/10.3.1/../../../../arm-none-eabi/lib/thumb/v7-m/nofp\libc_nano.a(lib_a-nano-vfprintf_i.o)
 .ARM.attributes
                0x000003c2       0x2d c:/program files (x86)/gnu arm embedded toolchain/10 2021.10/bin/../lib/gcc/arm-none-eabi/10.3.1/../../../../arm-none-eabi/lib/thumb/v7-m/nofp\libc_nano.a(lib_a-printf.o)
 .ARM.attributes
                0x000003ef       0x2d c:/program files (x86)/gnu arm embedded toolchain/10 2021.10/bin/../lib/gcc/arm-none-eabi/10.3.1/../../../../arm-none-eabi/lib/thumb/v7-m/nofp\libc_nano.a(lib_a-sprintf.o)
 .ARM.attributes
                0x0000041c       0x17 c:/program files (x86)/gnu arm embedded toolchain/10 2021.10/bin/../lib/gcc/arm-none-eabi/10.3.1/../../../../arm-none-eabi/lib/thumb/v7-m/nofp\libc_nano.a(lib_a-strlen.o)
 .ARM.attributes
                0x00000433       0x2d c:/program files (x86)/gnu arm embedded toolchain/10 2021.10/bin/../lib/gcc/arm-none-eabi/10.3.1/../../../../arm-none-eabi/lib/thumb/v7-m/nofp\libc_nano.a(lib_a-dtoa.o)
 .ARM.attributes
                0x00000460       0x2d c:/program files (x86)/gnu arm embedded toolchain/10 2021.10/bin/../lib/gcc/arm-none-eabi/10.3.1/../../../../arm-none-eabi/lib/thumb/v7-m/nofp\libc_nano.a(lib_a-findfp.o)
 .ARM.attributes
                0x0000048d       0x2d c:/program files (x86)/gnu arm embedded toolchain/10 2021.10/bin/../lib/gcc/arm-none-eabi/10.3.1/../../../../arm-none-eabi/lib/thumb/v7-m/nofp\libc_nano.a(lib_a-fwalk.o)
 .ARM.attributes
                0x000004ba       0x2d c:/program files (x86)/gnu arm embedded toolchain/10 2021.10/bin/../lib/gcc/arm-none-eabi/10.3.1/../../../../arm-none-eabi/lib/thumb/v7-m/nofp\libc_nano.a(lib_a-localeconv.o)
 .ARM.attributes
                0x000004e7       0x2d c:/program files (x86)/gnu arm embedded toolchain/10 2021.10/bin/../lib/gcc/arm-none-eabi/10.3.1/../../../../arm-none-eabi/lib/thumb/v7-m/nofp\libc_nano.a(lib_a-lock.o)
 .ARM.attributes
                0x00000514       0x2d c:/program files (x86)/gnu arm embedded toolchain/10 2021.10/bin/../lib/gcc/arm-none-eabi/10.3.1/../../../../arm-none-eabi/lib/thumb/v7-m/nofp\libc_nano.a(lib_a-malloc.o)
 .ARM.attributes
                0x00000541       0x2d c:/program files (x86)/gnu arm embedded toolchain/10 2021.10/bin/../lib/gcc/arm-none-eabi/10.3.1/../../../../arm-none-eabi/lib/thumb/v7-m/nofp\libc_nano.a(lib_a-memchr-stub.o)
 .ARM.attributes
                0x0000056e       0x2d c:/program files (x86)/gnu arm embedded toolchain/10 2021.10/bin/../lib/gcc/arm-none-eabi/10.3.1/../../../../arm-none-eabi/lib/thumb/v7-m/nofp\libc_nano.a(lib_a-mprec.o)
 .ARM.attributes
                0x0000059b       0x2d c:/program files (x86)/gnu arm embedded toolchain/10 2021.10/bin/../lib/gcc/arm-none-eabi/10.3.1/../../../../arm-none-eabi/lib/thumb/v7-m/nofp\libc_nano.a(lib_a-nano-callocr.o)
 .ARM.attributes
                0x000005c8       0x2d c:/program files (x86)/gnu arm embedded toolchain/10 2021.10/bin/../lib/gcc/arm-none-eabi/10.3.1/../../../../arm-none-eabi/lib/thumb/v7-m/nofp\libc_nano.a(lib_a-nano-freer.o)
 .ARM.attributes
                0x000005f5       0x2d c:/program files (x86)/gnu arm embedded toolchain/10 2021.10/bin/../lib/gcc/arm-none-eabi/10.3.1/../../../../arm-none-eabi/lib/thumb/v7-m/nofp\libc_nano.a(lib_a-nano-mallocr.o)
 .ARM.attributes
                0x00000622       0x2d c:/program files (x86)/gnu arm embedded toolchain/10 2021.10/bin/../lib/gcc/arm-none-eabi/10.3.1/../../../../arm-none-eabi/lib/thumb/v7-m/nofp\libc_nano.a(lib_a-nano-svfprintf.o)
 .ARM.attributes
                0x0000064f       0x2d c:/program files (x86)/gnu arm embedded toolchain/10 2021.10/bin/../lib/gcc/arm-none-eabi/10.3.1/../../../../arm-none-eabi/lib/thumb/v7-m/nofp\libc_nano.a(lib_a-nano-vfprintf.o)
 .ARM.attributes
                0x0000067c       0x2d c:/program files (x86)/gnu arm embedded toolchain/10 2021.10/bin/../lib/gcc/arm-none-eabi/10.3.1/../../../../arm-none-eabi/lib/thumb/v7-m/nofp\libc_nano.a(lib_a-sbrkr.o)
 .ARM.attributes
                0x000006a9       0x2d c:/program files (x86)/gnu arm embedded toolchain/10 2021.10/bin/../lib/gcc/arm-none-eabi/10.3.1/../../../../arm-none-eabi/lib/thumb/v7-m/nofp\libc_nano.a(lib_a-stdio.o)
 .ARM.attributes
                0x000006d6       0x2d c:/program files (x86)/gnu arm embedded toolchain/10 2021.10/bin/../lib/gcc/arm-none-eabi/10.3.1/../../../../arm-none-eabi/lib/thumb/v7-m/nofp\libc_nano.a(lib_a-wbuf.o)
 .ARM.attributes
                0x00000703       0x2d c:/program files (x86)/gnu arm embedded toolchain/10 2021.10/bin/../lib/gcc/arm-none-eabi/10.3.1/../../../../arm-none-eabi/lib/thumb/v7-m/nofp\libc_nano.a(lib_a-writer.o)
 .ARM.attributes
                0x00000730       0x2d c:/program files (x86)/gnu arm embedded toolchain/10 2021.10/bin/../lib/gcc/arm-none-eabi/10.3.1/../../../../arm-none-eabi/lib/thumb/v7-m/nofp\libc_nano.a(lib_a-wsetup.o)
 .ARM.attributes
                0x0000075d       0x2d c:/program files (x86)/gnu arm embedded toolchain/10 2021.10/bin/../lib/gcc/arm-none-eabi/10.3.1/../../../../arm-none-eabi/lib/thumb/v7-m/nofp\libc_nano.a(lib_a-assert.o)
 .ARM.attributes
                0x0000078a       0x2d c:/program files (x86)/gnu arm embedded toolchain/10 2021.10/bin/../lib/gcc/arm-none-eabi/10.3.1/../../../../arm-none-eabi/lib/thumb/v7-m/nofp\libc_nano.a(lib_a-closer.o)
 .ARM.attributes
                0x000007b7       0x2d c:/program files (x86)/gnu arm embedded toolchain/10 2021.10/bin/../lib/gcc/arm-none-eabi/10.3.1/../../../../arm-none-eabi/lib/thumb/v7-m/nofp\libc_nano.a(lib_a-fflush.o)
 .ARM.attributes
                0x000007e4       0x2d c:/program files (x86)/gnu arm embedded toolchain/10 2021.10/bin/../lib/gcc/arm-none-eabi/10.3.1/../../../../arm-none-eabi/lib/thumb/v7-m/nofp\libc_nano.a(lib_a-fprintf.o)
 .ARM.attributes
                0x00000811       0x2d c:/program files (x86)/gnu arm embedded toolchain/10 2021.10/bin/../lib/gcc/arm-none-eabi/10.3.1/../../../../arm-none-eabi/lib/thumb/v7-m/nofp\libc_nano.a(lib_a-locale.o)
 .ARM.attributes
                0x0000083e       0x2d c:/program files (x86)/gnu arm embedded toolchain/10 2021.10/bin/../lib/gcc/arm-none-eabi/10.3.1/../../../../arm-none-eabi/lib/thumb/v7-m/nofp\libc_nano.a(lib_a-lseekr.o)
 .ARM.attributes
                0x0000086b       0x2d c:/program files (x86)/gnu arm embedded toolchain/10 2021.10/bin/../lib/gcc/arm-none-eabi/10.3.1/../../../../arm-none-eabi/lib/thumb/v7-m/nofp\libc_nano.a(lib_a-makebuf.o)
 .ARM.attributes
                0x00000898       0x2d c:/program files (x86)/gnu arm embedded toolchain/10 2021.10/bin/../lib/gcc/arm-none-eabi/10.3.1/../../../../arm-none-eabi/lib/thumb/v7-m/nofp\libc_nano.a(lib_a-mbtowc_r.o)
 .ARM.attributes
                0x000008c5       0x2d c:/program files (x86)/gnu arm embedded toolchain/10 2021.10/bin/../lib/gcc/arm-none-eabi/10.3.1/../../../../arm-none-eabi/lib/thumb/v7-m/nofp\libc_nano.a(lib_a-mlock.o)
 .ARM.attributes
                0x000008f2       0x2d c:/program files (x86)/gnu arm embedded toolchain/10 2021.10/bin/../lib/gcc/arm-none-eabi/10.3.1/../../../../arm-none-eabi/lib/thumb/v7-m/nofp\libc_nano.a(lib_a-nano-reallocr.o)
 .ARM.attributes
                0x0000091f       0x2d c:/program files (x86)/gnu arm embedded toolchain/10 2021.10/bin/../lib/gcc/arm-none-eabi/10.3.1/../../../../arm-none-eabi/lib/thumb/v7-m/nofp\libc_nano.a(lib_a-readr.o)
 .ARM.attributes
                0x0000094c       0x2d c:/program files (x86)/gnu arm embedded toolchain/10 2021.10/bin/../lib/gcc/arm-none-eabi/10.3.1/../../../../arm-none-eabi/lib/thumb/v7-m/nofp\libc_nano.a(lib_a-reent.o)
 .ARM.attributes
                0x00000979       0x2d c:/program files (x86)/gnu arm embedded toolchain/10 2021.10/bin/../lib/gcc/arm-none-eabi/10.3.1/../../../../arm-none-eabi/lib/thumb/v7-m/nofp\libc_nano.a(lib_a-wctomb_r.o)
 .ARM.attributes
                0x000009a6       0x2d c:/program files (x86)/gnu arm embedded toolchain/10 2021.10/bin/../lib/gcc/arm-none-eabi/10.3.1/../../../../arm-none-eabi/lib/thumb/v7-m/nofp\libc_nano.a(lib_a-abort.o)
 .ARM.attributes
                0x000009d3       0x2d c:/program files (x86)/gnu arm embedded toolchain/10 2021.10/bin/../lib/gcc/arm-none-eabi/10.3.1/../../../../arm-none-eabi/lib/thumb/v7-m/nofp\libc_nano.a(lib_a-ctype_.o)
 .ARM.attributes
                0x00000a00       0x2d c:/program files (x86)/gnu arm embedded toolchain/10 2021.10/bin/../lib/gcc/arm-none-eabi/10.3.1/../../../../arm-none-eabi/lib/thumb/v7-m/nofp\libc_nano.a(lib_a-fstatr.o)
 .ARM.attributes
                0x00000a2d       0x2d c:/program files (x86)/gnu arm embedded toolchain/10 2021.10/bin/../lib/gcc/arm-none-eabi/10.3.1/../../../../arm-none-eabi/lib/thumb/v7-m/nofp\libc_nano.a(lib_a-isattyr.o)
 .ARM.attributes
                0x00000a5a       0x2d c:/program files (x86)/gnu arm embedded toolchain/10 2021.10/bin/../lib/gcc/arm-none-eabi/10.3.1/../../../../arm-none-eabi/lib/thumb/v7-m/nofp\libc_nano.a(lib_a-nano-msizer.o)
 .ARM.attributes
                0x00000a87       0x2d c:/program files (x86)/gnu arm embedded toolchain/10 2021.10/bin/../lib/gcc/arm-none-eabi/10.3.1/../../../../arm-none-eabi/lib/thumb/v7-m/nofp\libc_nano.a(lib_a-signal.o)
 .ARM.attributes
                0x00000ab4       0x2d c:/program files (x86)/gnu arm embedded toolchain/10 2021.10/bin/../lib/gcc/arm-none-eabi/10.3.1/../../../../arm-none-eabi/lib/thumb/v7-m/nofp\libc_nano.a(lib_a-signalr.o)
 .ARM.attributes
                0x00000ae1       0x2d c:/program files (x86)/gnu arm embedded toolchain/10 2021.10/bin/../lib/gcc/arm-none-eabi/10.3.1/../../../../arm-none-eabi/lib/thumb/v7-m/nofp\libnosys.a(close.o)
 .ARM.attributes
                0x00000b0e       0x2d c:/program files (x86)/gnu arm embedded toolchain/10 2021.10/bin/../lib/gcc/arm-none-eabi/10.3.1/../../../../arm-none-eabi/lib/thumb/v7-m/nofp\libnosys.a(fstat.o)
 .ARM.attributes
                0x00000b3b       0x2d c:/program files (x86)/gnu arm embedded toolchain/10 2021.10/bin/../lib/gcc/arm-none-eabi/10.3.1/../../../../arm-none-eabi/lib/thumb/v7-m/nofp\libnosys.a(getpid.o)
 .ARM.attributes
                0x00000b68       0x2d c:/program files (x86)/gnu arm embedded toolchain/10 2021.10/bin/../lib/gcc/arm-none-eabi/10.3.1/../../../../arm-none-eabi/lib/thumb/v7-m/nofp\libnosys.a(isatty.o)
 .ARM.attributes
                0x00000b95       0x2d c:/program files (x86)/gnu arm embedded toolchain/10 2021.10/bin/../lib/gcc/arm-none-eabi/10.3.1/../../../../arm-none-eabi/lib/thumb/v7-m/nofp\libnosys.a(kill.o)
 .ARM.attributes
                0x00000bc2       0x2d c:/program files (x86)/gnu arm embedded toolchain/10 2021.10/bin/../lib/gcc/arm-none-eabi/10.3.1/../../../../arm-none-eabi/lib/thumb/v7-m/nofp\libnosys.a(lseek.o)
 .ARM.attributes
                0x00000bef       0x2d c:/program files (x86)/gnu arm embedded toolchain/10 2021.10/bin/../lib/gcc/arm-none-eabi/10.3.1/../../../../arm-none-eabi/lib/thumb/v7-m/nofp\libnosys.a(read.o)
 .ARM.attributes
                0x00000c1c       0x2d c:/program files (x86)/gnu arm embedded toolchain/10 2021.10/bin/../lib/gcc/arm-none-eabi/10.3.1/../../../../arm-none-eabi/lib/thumb/v7-m/nofp\libnosys.a(sbrk.o)
 .ARM.attributes
                0x00000c49       0x2d c:/program files (x86)/gnu arm embedded toolchain/10 2021.10/bin/../lib/gcc/arm-none-eabi/10.3.1/../../../../arm-none-eabi/lib/thumb/v7-m/nofp\libnosys.a(_exit.o)
 .ARM.attributes
                0x00000c76       0x1d c:/program files (x86)/gnu arm embedded toolchain/10 2021.10/bin/../lib/gcc/arm-none-eabi/10.3.1/thumb/v7-m/nofp\libgcc.a(_arm_addsubdf3.o)
 .ARM.attributes
                0x00000c93       0x1d c:/program files (x86)/gnu arm embedded toolchain/10 2021.10/bin/../lib/gcc/arm-none-eabi/10.3.1/thumb/v7-m/nofp\libgcc.a(_arm_muldivdf3.o)
 .ARM.attributes
                0x00000cb0       0x1d c:/program files (x86)/gnu arm embedded toolchain/10 2021.10/bin/../lib/gcc/arm-none-eabi/10.3.1/thumb/v7-m/nofp\libgcc.a(_arm_cmpdf2.o)
 .ARM.attributes
                0x00000ccd       0x1d c:/program files (x86)/gnu arm embedded toolchain/10 2021.10/bin/../lib/gcc/arm-none-eabi/10.3.1/thumb/v7-m/nofp\libgcc.a(_arm_unorddf2.o)
 .ARM.attributes
                0x00000cea       0x1d c:/program files (x86)/gnu arm embedded toolchain/10 2021.10/bin/../lib/gcc/arm-none-eabi/10.3.1/thumb/v7-m/nofp\libgcc.a(_arm_fixdfsi.o)
 .ARM.attributes
                0x00000d07       0x1d c:/program files (x86)/gnu arm embedded toolchain/10 2021.10/bin/../lib/gcc/arm-none-eabi/10.3.1/thumb/v7-m/nofp\libgcc.a(_aeabi_uldivmod.o)
 .ARM.attributes
                0x00000d24       0x2d c:/program files (x86)/gnu arm embedded toolchain/10 2021.10/bin/../lib/gcc/arm-none-eabi/10.3.1/thumb/v7-m/nofp\libgcc.a(_udivmoddi4.o)
 .ARM.attributes
                0x00000d51       0x1d c:/program files (x86)/gnu arm embedded toolchain/10 2021.10/bin/../lib/gcc/arm-none-eabi/10.3.1/thumb/v7-m/nofp\libgcc.a(_dvmd_tls.o)
 .ARM.attributes
                0x00000d6e       0x1d c:/program files (x86)/gnu arm embedded toolchain/10 2021.10/bin/../lib/gcc/arm-none-eabi/10.3.1/thumb/v7-m/nofp/crtn.o
OUTPUT(build/Telecom_board.elf elf32-littlearm)
LOAD linker stubs
LOAD c:/program files (x86)/gnu arm embedded toolchain/10 2021.10/bin/../lib/gcc/arm-none-eabi/10.3.1/../../../../arm-none-eabi/lib/thumb/v7-m/nofp\libc.a
LOAD c:/program files (x86)/gnu arm embedded toolchain/10 2021.10/bin/../lib/gcc/arm-none-eabi/10.3.1/../../../../arm-none-eabi/lib/thumb/v7-m/nofp\libm.a
LOAD c:/program files (x86)/gnu arm embedded toolchain/10 2021.10/bin/../lib/gcc/arm-none-eabi/10.3.1/thumb/v7-m/nofp\libgcc.a

.debug_info     0x00000000    0x110bc
 .debug_info    0x00000000     0x18dc build/main.o
 .debug_info    0x000018dc      0x15a build/stm32f2xx_it.o
 .debug_info    0x00001a36     0x12e4 build/stm32f2xx_hal_msp.o
 .debug_info    0x00002d1a     0x3b39 build/stm32f2xx_hal_i2c.o
 .debug_info    0x00006853      0xb5f build/stm32f2xx_hal.o
 .debug_info    0x000073b2      0xe71 build/stm32f2xx_hal_rcc.o
 .debug_info    0x00008223     0x1162 build/stm32f2xx_hal_cortex.o
 .debug_info    0x00009385      0x804 build/stm32f2xx_hal_gpio.o
 .debug_info    0x00009b89     0x1fb9 build/stm32f2xx_hal_spi.o
 .debug_info    0x0000bb42     0x1e6c build/stm32f2xx_hal_uart.o
 .debug_info    0x0000d9ae      0x3cd build/system_stm32f2xx.o
 .debug_info    0x0000dd7b     0x331f build/MY_NRF24.o
 .debug_info    0x0001109a       0x22 build/startup_stm32f205xx.o

.debug_abbrev   0x00000000     0x1d66
 .debug_abbrev  0x00000000      0x2ec build/main.o
 .debug_abbrev  0x000002ec       0x81 build/stm32f2xx_it.o
 .debug_abbrev  0x0000036d      0x1e0 build/stm32f2xx_hal_msp.o
 .debug_abbrev  0x0000054d      0x2f3 build/stm32f2xx_hal_i2c.o
 .debug_abbrev  0x00000840      0x286 build/stm32f2xx_hal.o
 .debug_abbrev  0x00000ac6      0x2f3 build/stm32f2xx_hal_rcc.o
 .debug_abbrev  0x00000db9      0x382 build/stm32f2xx_hal_cortex.o
 .debug_abbrev  0x0000113b      0x222 build/stm32f2xx_hal_gpio.o
 .debug_abbrev  0x0000135d      0x2a6 build/stm32f2xx_hal_spi.o
 .debug_abbrev  0x00001603      0x2bf build/stm32f2xx_hal_uart.o
 .debug_abbrev  0x000018c2      0x11b build/system_stm32f2xx.o
 .debug_abbrev  0x000019dd      0x377 build/MY_NRF24.o
 .debug_abbrev  0x00001d54       0x12 build/startup_stm32f205xx.o

.debug_loc      0x00000000     0xcb86
 .debug_loc     0x00000000      0x1e4 build/main.o
 .debug_loc     0x000001e4       0x20 build/stm32f2xx_it.o
 .debug_loc     0x00000204      0x33b build/stm32f2xx_hal_msp.o
 .debug_loc     0x0000053f     0x4e35 build/stm32f2xx_hal_i2c.o
 .debug_loc     0x00005374      0x24e build/stm32f2xx_hal.o
 .debug_loc     0x000055c2      0x91f build/stm32f2xx_hal_rcc.o
 .debug_loc     0x00005ee1      0x7a4 build/stm32f2xx_hal_cortex.o
 .debug_loc     0x00006685      0x482 build/stm32f2xx_hal_gpio.o
 .debug_loc     0x00006b07     0x246d build/stm32f2xx_hal_spi.o
 .debug_loc     0x00008f74     0x2688 build/stm32f2xx_hal_uart.o
 .debug_loc     0x0000b5fc      0x158 build/system_stm32f2xx.o
 .debug_loc     0x0000b754     0x1432 build/MY_NRF24.o

.debug_aranges  0x00000000      0xc20
 .debug_aranges
                0x00000000       0x68 build/main.o
 .debug_aranges
                0x00000068       0x60 build/stm32f2xx_it.o
 .debug_aranges
                0x000000c8       0x50 build/stm32f2xx_hal_msp.o
 .debug_aranges
                0x00000118      0x2a0 build/stm32f2xx_hal_i2c.o
 .debug_aranges
                0x000003b8       0xf0 build/stm32f2xx_hal.o
 .debug_aranges
                0x000004a8       0x88 build/stm32f2xx_hal_rcc.o
 .debug_aranges
                0x00000530       0xa8 build/stm32f2xx_hal_cortex.o
 .debug_aranges
                0x000005d8       0x58 build/stm32f2xx_hal_gpio.o
 .debug_aranges
                0x00000630      0x1d0 build/stm32f2xx_hal_spi.o
 .debug_aranges
                0x00000800      0x200 build/stm32f2xx_hal_uart.o
 .debug_aranges
                0x00000a00       0x28 build/system_stm32f2xx.o
 .debug_aranges
                0x00000a28      0x1d0 build/MY_NRF24.o
 .debug_aranges
                0x00000bf8       0x28 build/startup_stm32f205xx.o

.debug_ranges   0x00000000      0xc18
 .debug_ranges  0x00000000       0x58 build/main.o
 .debug_ranges  0x00000058       0x50 build/stm32f2xx_it.o
 .debug_ranges  0x000000a8       0x40 build/stm32f2xx_hal_msp.o
 .debug_ranges  0x000000e8      0x2a8 build/stm32f2xx_hal_i2c.o
 .debug_ranges  0x00000390       0xe0 build/stm32f2xx_hal.o
 .debug_ranges  0x00000470       0xa8 build/stm32f2xx_hal_rcc.o
 .debug_ranges  0x00000518       0xf8 build/stm32f2xx_hal_cortex.o
 .debug_ranges  0x00000610       0x48 build/stm32f2xx_hal_gpio.o
 .debug_ranges  0x00000658      0x1c0 build/stm32f2xx_hal_spi.o
 .debug_ranges  0x00000818      0x1f0 build/stm32f2xx_hal_uart.o
 .debug_ranges  0x00000a08       0x18 build/system_stm32f2xx.o
 .debug_ranges  0x00000a20      0x1d8 build/MY_NRF24.o
 .debug_ranges  0x00000bf8       0x20 build/startup_stm32f205xx.o

.debug_line     0x00000000     0xd98b
 .debug_line    0x00000000      0x6cb build/main.o
 .debug_line    0x000006cb      0x177 build/stm32f2xx_it.o
 .debug_line    0x00000842      0x472 build/stm32f2xx_hal_msp.o
 .debug_line    0x00000cb4     0x533d build/stm32f2xx_hal_i2c.o
 .debug_line    0x00005ff1      0x5c9 build/stm32f2xx_hal.o
 .debug_line    0x000065ba      0xce8 build/stm32f2xx_hal_rcc.o
 .debug_line    0x000072a2      0x78c build/stm32f2xx_hal_cortex.o
 .debug_line    0x00007a2e      0x6a4 build/stm32f2xx_hal_gpio.o
 .debug_line    0x000080d2     0x2471 build/stm32f2xx_hal_spi.o
 .debug_line    0x0000a543     0x20df build/stm32f2xx_hal_uart.o
 .debug_line    0x0000c622      0x237 build/system_stm32f2xx.o
 .debug_line    0x0000c859     0x10bc build/MY_NRF24.o
 .debug_line    0x0000d915       0x76 build/startup_stm32f205xx.o

.debug_str      0x00000000     0x3982
 .debug_str     0x00000000      0xed9 build/main.o
                                0xff1 (size before relaxing)
 .debug_str     0x00000ed9       0xb4 build/stm32f2xx_it.o
                                0x206 (size before relaxing)
 .debug_str     0x00000f8d       0xa6 build/stm32f2xx_hal_msp.o
                                0xbd2 (size before relaxing)
 .debug_str     0x00001033      0x91e build/stm32f2xx_hal_i2c.o
                               0x1007 (size before relaxing)
 .debug_str     0x00001951      0x825 build/stm32f2xx_hal.o
                                0xb35 (size before relaxing)
 .debug_str     0x00002176      0x1ac build/stm32f2xx_hal_rcc.o
                                0x6e7 (size before relaxing)
 .debug_str     0x00002322      0x4af build/stm32f2xx_hal_cortex.o
                                0xbe8 (size before relaxing)
 .debug_str     0x000027d1      0x110 build/stm32f2xx_hal_gpio.o
                                0x4a6 (size before relaxing)
 .debug_str     0x000028e1      0x51e build/stm32f2xx_hal_spi.o
                                0xbd1 (size before relaxing)
 .debug_str     0x00002dff      0x5c1 build/stm32f2xx_hal_uart.o
                                0xce7 (size before relaxing)
 .debug_str     0x000033c0       0x47 build/system_stm32f2xx.o
                                0x2f8 (size before relaxing)
 .debug_str     0x00003407      0x557 build/MY_NRF24.o
                                0xf7e (size before relaxing)
 .debug_str     0x0000395e       0x24 build/startup_stm32f205xx.o
                                 0x57 (size before relaxing)

.comment        0x00000000       0x49
 .comment       0x00000000       0x49 build/main.o
                                 0x4a (size before relaxing)
 .comment       0x00000049       0x4a build/stm32f2xx_it.o
 .comment       0x00000049       0x4a build/stm32f2xx_hal_msp.o
 .comment       0x00000049       0x4a build/stm32f2xx_hal_i2c.o
 .comment       0x00000049       0x4a build/stm32f2xx_hal.o
 .comment       0x00000049       0x4a build/stm32f2xx_hal_rcc.o
 .comment       0x00000049       0x4a build/stm32f2xx_hal_cortex.o
 .comment       0x00000049       0x4a build/stm32f2xx_hal_gpio.o
 .comment       0x00000049       0x4a build/stm32f2xx_hal_spi.o
 .comment       0x00000049       0x4a build/stm32f2xx_hal_uart.o
 .comment       0x00000049       0x4a build/system_stm32f2xx.o
 .comment       0x00000049       0x4a build/MY_NRF24.o

.debug_frame    0x00000000     0x36d8
 .debug_frame   0x00000000      0x10c build/main.o
 .debug_frame   0x0000010c       0xa8 build/stm32f2xx_it.o
 .debug_frame   0x000001b4       0xd4 build/stm32f2xx_hal_msp.o
 .debug_frame   0x00000288      0x970 build/stm32f2xx_hal_i2c.o
 .debug_frame   0x00000bf8      0x1f0 build/stm32f2xx_hal.o
 .debug_frame   0x00000de8      0x178 build/stm32f2xx_hal_rcc.o
 .debug_frame   0x00000f60      0x148 build/stm32f2xx_hal_cortex.o
 .debug_frame   0x000010a8       0xd0 build/stm32f2xx_hal_gpio.o
 .debug_frame   0x00001178      0x5a4 build/stm32f2xx_hal_spi.o
 .debug_frame   0x0000171c      0x5c8 build/stm32f2xx_hal_uart.o
 .debug_frame   0x00001ce4       0x30 build/system_stm32f2xx.o
 .debug_frame   0x00001d14      0x5d8 build/MY_NRF24.o
 .debug_frame   0x000022ec       0x2c c:/program files (x86)/gnu arm embedded toolchain/10 2021.10/bin/../lib/gcc/arm-none-eabi/10.3.1/../../../../arm-none-eabi/lib/thumb/v7-m/nofp\libc_nano.a(lib_a-init.o)
 .debug_frame   0x00002318       0x28 c:/program files (x86)/gnu arm embedded toolchain/10 2021.10/bin/../lib/gcc/arm-none-eabi/10.3.1/../../../../arm-none-eabi/lib/thumb/v7-m/nofp\libc_nano.a(lib_a-memcpy-stub.o)
 .debug_frame   0x00002340       0x28 c:/program files (x86)/gnu arm embedded toolchain/10 2021.10/bin/../lib/gcc/arm-none-eabi/10.3.1/../../../../arm-none-eabi/lib/thumb/v7-m/nofp\libc_nano.a(lib_a-memmove.o)
 .debug_frame   0x00002368       0x20 c:/program files (x86)/gnu arm embedded toolchain/10 2021.10/bin/../lib/gcc/arm-none-eabi/10.3.1/../../../../arm-none-eabi/lib/thumb/v7-m/nofp\libc_nano.a(lib_a-memset.o)
 .debug_frame   0x00002388       0x94 c:/program files (x86)/gnu arm embedded toolchain/10 2021.10/bin/../lib/gcc/arm-none-eabi/10.3.1/../../../../arm-none-eabi/lib/thumb/v7-m/nofp\libc_nano.a(lib_a-nano-vfprintf_float.o)
 .debug_frame   0x0000241c       0x60 c:/program files (x86)/gnu arm embedded toolchain/10 2021.10/bin/../lib/gcc/arm-none-eabi/10.3.1/../../../../arm-none-eabi/lib/thumb/v7-m/nofp\libc_nano.a(lib_a-nano-vfprintf_i.o)
 .debug_frame   0x0000247c       0x74 c:/program files (x86)/gnu arm embedded toolchain/10 2021.10/bin/../lib/gcc/arm-none-eabi/10.3.1/../../../../arm-none-eabi/lib/thumb/v7-m/nofp\libc_nano.a(lib_a-printf.o)
 .debug_frame   0x000024f0       0x6c c:/program files (x86)/gnu arm embedded toolchain/10 2021.10/bin/../lib/gcc/arm-none-eabi/10.3.1/../../../../arm-none-eabi/lib/thumb/v7-m/nofp\libc_nano.a(lib_a-sprintf.o)
 .debug_frame   0x0000255c       0x6c c:/program files (x86)/gnu arm embedded toolchain/10 2021.10/bin/../lib/gcc/arm-none-eabi/10.3.1/../../../../arm-none-eabi/lib/thumb/v7-m/nofp\libc_nano.a(lib_a-dtoa.o)
 .debug_frame   0x000025c8      0x14c c:/program files (x86)/gnu arm embedded toolchain/10 2021.10/bin/../lib/gcc/arm-none-eabi/10.3.1/../../../../arm-none-eabi/lib/thumb/v7-m/nofp\libc_nano.a(lib_a-findfp.o)
 .debug_frame   0x00002714       0x54 c:/program files (x86)/gnu arm embedded toolchain/10 2021.10/bin/../lib/gcc/arm-none-eabi/10.3.1/../../../../arm-none-eabi/lib/thumb/v7-m/nofp\libc_nano.a(lib_a-fwalk.o)
 .debug_frame   0x00002768       0x40 c:/program files (x86)/gnu arm embedded toolchain/10 2021.10/bin/../lib/gcc/arm-none-eabi/10.3.1/../../../../arm-none-eabi/lib/thumb/v7-m/nofp\libc_nano.a(lib_a-localeconv.o)
 .debug_frame   0x000027a8       0xb0 c:/program files (x86)/gnu arm embedded toolchain/10 2021.10/bin/../lib/gcc/arm-none-eabi/10.3.1/../../../../arm-none-eabi/lib/thumb/v7-m/nofp\libc_nano.a(lib_a-lock.o)
 .debug_frame   0x00002858       0x30 c:/program files (x86)/gnu arm embedded toolchain/10 2021.10/bin/../lib/gcc/arm-none-eabi/10.3.1/../../../../arm-none-eabi/lib/thumb/v7-m/nofp\libc_nano.a(lib_a-malloc.o)
 .debug_frame   0x00002888       0x28 c:/program files (x86)/gnu arm embedded toolchain/10 2021.10/bin/../lib/gcc/arm-none-eabi/10.3.1/../../../../arm-none-eabi/lib/thumb/v7-m/nofp\libc_nano.a(lib_a-memchr-stub.o)
 .debug_frame   0x000028b0      0x254 c:/program files (x86)/gnu arm embedded toolchain/10 2021.10/bin/../lib/gcc/arm-none-eabi/10.3.1/../../../../arm-none-eabi/lib/thumb/v7-m/nofp\libc_nano.a(lib_a-mprec.o)
 .debug_frame   0x00002b04       0x2c c:/program files (x86)/gnu arm embedded toolchain/10 2021.10/bin/../lib/gcc/arm-none-eabi/10.3.1/../../../../arm-none-eabi/lib/thumb/v7-m/nofp\libc_nano.a(lib_a-nano-callocr.o)
 .debug_frame   0x00002b30       0x38 c:/program files (x86)/gnu arm embedded toolchain/10 2021.10/bin/../lib/gcc/arm-none-eabi/10.3.1/../../../../arm-none-eabi/lib/thumb/v7-m/nofp\libc_nano.a(lib_a-nano-freer.o)
 .debug_frame   0x00002b68       0x4c c:/program files (x86)/gnu arm embedded toolchain/10 2021.10/bin/../lib/gcc/arm-none-eabi/10.3.1/../../../../arm-none-eabi/lib/thumb/v7-m/nofp\libc_nano.a(lib_a-nano-mallocr.o)
 .debug_frame   0x00002bb4       0x90 c:/program files (x86)/gnu arm embedded toolchain/10 2021.10/bin/../lib/gcc/arm-none-eabi/10.3.1/../../../../arm-none-eabi/lib/thumb/v7-m/nofp\libc_nano.a(lib_a-nano-svfprintf.o)